Archive member included to satisfy reference by file (symbol)

app/libapp.a(main.c.obj)      (--whole-archive)
zephyr/libzephyr.a(cbprintf.c.obj)
                              (--whole-archive)
zephyr/libzephyr.a(cbprintf_packaged.c.obj)
                              (--whole-archive)
zephyr/libzephyr.a(crc32c_sw.c.obj)
                              (--whole-archive)
zephyr/libzephyr.a(crc32_sw.c.obj)
                              (--whole-archive)
zephyr/libzephyr.a(crc16_sw.c.obj)
                              (--whole-archive)
zephyr/libzephyr.a(crc8_sw.c.obj)
                              (--whole-archive)
zephyr/libzephyr.a(crc7_sw.c.obj)
                              (--whole-archive)
zephyr/libzephyr.a(dec.c.obj)
                              (--whole-archive)
zephyr/libzephyr.a(fdtable.c.obj)
                              (--whole-archive)
zephyr/libzephyr.a(hex.c.obj)
                              (--whole-archive)
zephyr/libzephyr.a(notify.c.obj)
                              (--whole-archive)
zephyr/libzephyr.a(printk.c.obj)
                              (--whole-archive)
zephyr/libzephyr.a(onoff.c.obj)
                              (--whole-archive)
zephyr/libzephyr.a(rb.c.obj)  (--whole-archive)
zephyr/libzephyr.a(sem.c.obj)
                              (--whole-archive)
zephyr/libzephyr.a(thread_entry.c.obj)
                              (--whole-archive)
zephyr/libzephyr.a(timeutil.c.obj)
                              (--whole-archive)
zephyr/libzephyr.a(heap.c.obj)
                              (--whole-archive)
zephyr/libzephyr.a(heap-validate.c.obj)
                              (--whole-archive)
zephyr/libzephyr.a(bitarray.c.obj)
                              (--whole-archive)
zephyr/libzephyr.a(cbprintf_complete.c.obj)
                              (--whole-archive)
zephyr/libzephyr.a(mpsc_pbuf.c.obj)
                              (--whole-archive)
zephyr/libzephyr.a(reboot.c.obj)
                              (--whole-archive)
zephyr/libzephyr.a(configs.c.obj)
                              (--whole-archive)
zephyr/libzephyr.a(soc_nrf_common.S.obj)
                              (--whole-archive)
zephyr/libzephyr.a(validate_base_addresses.c.obj)
                              (--whole-archive)
zephyr/libzephyr.a(validate_enabled_instances.c.obj)
                              (--whole-archive)
zephyr/libzephyr.a(log_list.c.obj)
                              (--whole-archive)
zephyr/libzephyr.a(log_core.c.obj)
                              (--whole-archive)
zephyr/libzephyr.a(log_msg.c.obj)
                              (--whole-archive)
zephyr/libzephyr.a(log_output.c.obj)
                              (--whole-archive)
zephyr/libzephyr.a(log_backend_uart.c.obj)
                              (--whole-archive)
zephyr/libzephyr.a(log_backend_rtt.c.obj)
                              (--whole-archive)
zephyr/libzephyr.a(nvs.c.obj)
                              (--whole-archive)
zephyr/libzephyr.a(flash_map.c.obj)
                              (--whole-archive)
zephyr/libzephyr.a(power.c.obj)
                              (--whole-archive)
zephyr/libzephyr.a(pm_ctrl.c.obj)
                              (--whole-archive)
zephyr/libzephyr.a(policy_residency.c.obj)
                              (--whole-archive)
zephyr/libzephyr.a(tracing_none.c.obj)
                              (--whole-archive)
zephyr/libzephyr.a(uart_console.c.obj)
                              (--whole-archive)
zephyr/libzephyr.a(clock_control_nrf.c.obj)
                              (--whole-archive)
zephyr/libzephyr.a(sys_clock_init.c.obj)
                              (--whole-archive)
zephyr/libzephyr.a(nrf_rtc_timer.c.obj)
                              (--whole-archive)
zephyr/libzephyr.a(flash_map_partition_manager.c.obj)
                              (--whole-archive)
zephyr/arch/common/libarch__common.a(sw_isr_common.c.obj)
                              (--whole-archive)
zephyr/arch/arch/arm/core/aarch32/libarch__arm__core__aarch32.a(swap.c.obj)
                              (--whole-archive)
zephyr/arch/arch/arm/core/aarch32/libarch__arm__core__aarch32.a(swap_helper.S.obj)
                              (--whole-archive)
zephyr/arch/arch/arm/core/aarch32/libarch__arm__core__aarch32.a(irq_manage.c.obj)
                              (--whole-archive)
zephyr/arch/arch/arm/core/aarch32/libarch__arm__core__aarch32.a(thread.c.obj)
                              (--whole-archive)
zephyr/arch/arch/arm/core/aarch32/libarch__arm__core__aarch32.a(cpu_idle.S.obj)
                              (--whole-archive)
zephyr/arch/arch/arm/core/aarch32/libarch__arm__core__aarch32.a(fatal.c.obj)
                              (--whole-archive)
zephyr/arch/arch/arm/core/aarch32/libarch__arm__core__aarch32.a(nmi.c.obj)
                              (--whole-archive)
zephyr/arch/arch/arm/core/aarch32/libarch__arm__core__aarch32.a(nmi_on_reset.S.obj)
                              (--whole-archive)
[...]
Memory Configuration

Name             Origin             Length             Attributes
FLASH            0x000000000000c200 0x0000000000033e00 xr
SRAM             0x0000000020000000 0x0000000000010000 xw
IDT_LIST         0x0000000020010000 0x0000000000000800 xw
*default*        0x0000000000000000 0xffffffffffffffff

Linker script and memory map

LOAD zephyr/CMakeFiles/zephyr_prebuilt.dir/misc/empty_file.c.obj
LOAD zephyr/CMakeFiles/offsets.dir/./arch/arm/core/offsets/offsets.c.obj
                0x0000000000000020                _region_min_align = 0x20

.rel.plt        0x000000000000c200        0x0
 *(SORT_BY_ALIGNMENT(.rel.plt))
                [!provide]                        PROVIDE (__rel_iplt_start = .)
 *(SORT_BY_ALIGNMENT(.rel.iplt))
 .rel.iplt      0x000000000000c200        0x0 app/libapp.a(main.c.obj)
                [!provide]                        PROVIDE (__rel_iplt_end = .)

.rela.plt       0x0000000000000000        0x0
 *(SORT_BY_ALIGNMENT(.rela.plt))
                [!provide]                        PROVIDE (__rela_iplt_start = .)
 *(SORT_BY_ALIGNMENT(.rela.iplt))
                [!provide]                        PROVIDE (__rela_iplt_end = .)

.rel.dyn
 *(SORT_BY_ALIGNMENT(.rel.*))

.rela.dyn
 *(SORT_BY_ALIGNMENT(.rela.*))

/DISCARD/
 *(SORT_BY_ALIGNMENT(.plt))

/DISCARD/
 *(SORT_BY_ALIGNMENT(.iplt))
                0x000000000000c200                _image_rom_start = 0xc200

rom_start       0x000000000000c200       0xdc
                0x0000000000000000                . = 0x0
                0x0000000000000000                . = ALIGN (0x4)
                0x0000000000000000                . = ALIGN (0x80)
                0x0000000000000000                . = ALIGN (0x100)
                0x000000000000c200                _vector_start = .
 *(SORT_BY_ALIGNMENT(.exc_vector_table))
 *(SORT_BY_ALIGNMENT(.exc_vector_table.*))
 .exc_vector_table._vector_table_section
                0x000000000000c200       0x40 zephyr/arch/arch/arm/core/aarch32/cortex_m/libarch__arm__core__aarch32__cortex_m.a(vector_table.S.obj)
                0x000000000000c200                _vector_table
 *(SORT_BY_ALIGNMENT(.gnu.linkonce.irq_vector_table*))
 .gnu.linkonce.irq_vector_table
                0x000000000000c240       0x9c zephyr/arch/common/libisr_tables.a(isr_tables.c.obj)
                0x000000000000c240                _irq_vector_table
 *(SORT_BY_ALIGNMENT(.vectors))
                0x000000000000c2dc                _vector_end = .

text            0x000000000000c2dc     0x6b30
                0x000000000000c2dc                _image_text_start = .
 *(SORT_BY_ALIGNMENT(.text))
 .text          0x000000000000c2dc       0x30 /Applications/ARM/bin/../lib/gcc/arm-none-eabi/10.3.1/thumb/v7e-m/nofp/libgcc.a(_aeabi_uldivmod.o)
                0x000000000000c2dc                __aeabi_uldivmod
 .text          0x000000000000c30c      0x2d0 /Applications/ARM/bin/../lib/gcc/arm-none-eabi/10.3.1/thumb/v7e-m/nofp/libgcc.a(_udivmoddi4.o)
                0x000000000000c30c                __udivmoddi4
 .text          0x000000000000c5dc        0x4 /Applications/ARM/bin/../lib/gcc/arm-none-eabi/10.3.1/thumb/v7e-m/nofp/libgcc.a(_dvmd_tls.o)
                0x000000000000c5dc                __aeabi_ldiv0
                0x000000000000c5dc                __aeabi_idiv0
 *(SORT_BY_ALIGNMENT(.text.*))
 .text.main     0x000000000000c5e0      0x33c app/libapp.a(main.c.obj)
                0x000000000000c5e0                main
 .text.crc8_ccitt
                0x000000000000c91c       0x30 zephyr/libzephyr.a(crc8_sw.c.obj)
                0x000000000000c91c                crc8_ccitt
 .text.char_out
                0x000000000000c94c       0x10 zephyr/libzephyr.a(printk.c.obj)
 .text.__printk_hook_install
                0x000000000000c95c        0xc zephyr/libzephyr.a(printk.c.obj)
                0x000000000000c95c                __printk_hook_install
 .text.vprintk  0x000000000000c968       0x1c zephyr/libzephyr.a(printk.c.obj)
                0x000000000000c968                vprintk
 .text.vsnprintk
                0x000000000000c984       0x28 zephyr/libzephyr.a(printk.c.obj)
                0x000000000000c984                vsnprintk
 .text.process_event
                0x000000000000c9ac      0x1c0 zephyr/libzephyr.a(onoff.c.obj)
 .text.cbvprintf
                0x000000000000cb6c      0x784 zephyr/libzephyr.a(cbprintf_complete.c.obj)
                0x000000000000cb6c                cbvprintf
 .text.sys_reboot
                0x000000000000d2f0       0x30 zephyr/libzephyr.a(reboot.c.obj)
                0x000000000000d2f0                sys_reboot
 .text.enable_logger
                0x000000000000d320       0x5c zephyr/libzephyr.a(log_core.c.obj)
 .text.log_process_thread_timer_expiry_fn
                0x000000000000d37c        0xc zephyr/libzephyr.a(log_core.c.obj)
 .text.log_core_init
                0x000000000000d388       0x48 zephyr/libzephyr.a(log_core.c.obj)
                0x000000000000d388                log_core_init
 .text.get_msg  0x000000000000d3d0       0x28 zephyr/libzephyr.a(log_core.c.obj)
                0x000000000000d3d0                get_msg
 .text.z_log_dropped
                0x000000000000d3f8       0x20 zephyr/libzephyr.a(log_core.c.obj)
                0x000000000000d3f8                z_log_dropped
 .text.z_log_dropped_read_and_clear
                0x000000000000d418       0x20 zephyr/libzephyr.a(log_core.c.obj)
                0x000000000000d418                z_log_dropped_read_and_clear
 .text.dropped_notify
                0x000000000000d438       0x38 zephyr/libzephyr.a(log_core.c.obj)
                0x000000000000d438                dropped_notify
 .text.log_source_name_get
                0x000000000000d470       0x1c zephyr/libzephyr.a(log_core.c.obj)
                0x000000000000d470                log_source_name_get
 .text.log_backend_enable
                0x000000000000d48c       0x34 zephyr/libzephyr.a(log_core.c.obj)
                0x000000000000d48c                log_backend_enable
 .text.log_init
                0x000000000000d4c0       0x58 zephyr/libzephyr.a(log_core.c.obj)
                0x000000000000d4c0                log_init
 .text.z_log_strdup
                0x000000000000d518       0x6c zephyr/libzephyr.a(log_core.c.obj)
                0x000000000000d518                z_log_strdup
 .text.log_is_strdup
                0x000000000000d584       0x1c zephyr/libzephyr.a(log_core.c.obj)
                0x000000000000d584                log_is_strdup
 .text.z_impl_log_process
                0x000000000000d5a0      0x15c zephyr/libzephyr.a(log_core.c.obj)
                0x000000000000d5a0                z_impl_log_process
 .text.log_process_thread_func
                0x000000000000d6fc       0x48 zephyr/libzephyr.a(log_core.c.obj)
 .text.msg_finalize
                0x000000000000d744       0xc4 zephyr/libzephyr.a(log_core.c.obj)
 .text.z_impl_log_panic
                0x000000000000d808       0x48 zephyr/libzephyr.a(log_core.c.obj)
                0x000000000000d808                z_impl_log_panic
 .text.log_free
                0x000000000000d850       0x34 zephyr/libzephyr.a(log_core.c.obj)
                0x000000000000d850                log_free
 .text.log_msg_pool_init
                0x000000000000d884       0x14 zephyr/libzephyr.a(log_msg.c.obj)
                0x000000000000d884                log_msg_pool_init
 .text.log_msg_no_space_handle
                0x000000000000d898       0x30 zephyr/libzephyr.a(log_msg.c.obj)
                0x000000000000d898                log_msg_no_space_handle
 .text.log_msg_chunk_alloc
                0x000000000000d8c8       0x28 zephyr/libzephyr.a(log_msg.c.obj)
                0x000000000000d8c8                log_msg_chunk_alloc
 .text.msg_free
                0x000000000000d8f0       0x7c zephyr/libzephyr.a(log_msg.c.obj)
 .text.print_formatted
                0x000000000000d96c       0x24 zephyr/libzephyr.a(log_output.c.obj)
 .text.hexdump_line_print
                0x000000000000d990       0xdc zephyr/libzephyr.a(log_output.c.obj)
 .text.prefix_print
                0x000000000000da6c      0x124 zephyr/libzephyr.a(log_output.c.obj)
 .text.postfix_print
                0x000000000000db90       0x3c zephyr/libzephyr.a(log_output.c.obj)
 .text.log_output_msg_process
                0x000000000000dbcc       0xf8 zephyr/libzephyr.a(log_output.c.obj)
                0x000000000000dbcc                log_output_msg_process
 .text.log_output_dropped_process
                0x000000000000dcc4       0x58 zephyr/libzephyr.a(log_output.c.obj)
                0x000000000000dcc4                log_output_dropped_process
 .text.log_output_timestamp_freq_set
                0x000000000000dd1c       0x30 zephyr/libzephyr.a(log_output.c.obj)
                0x000000000000dd1c                log_output_timestamp_freq_set
 .text.char_out
                0x000000000000dd4c       0x24 zephyr/libzephyr.a(log_backend_uart.c.obj)
 .text.panic    0x000000000000dd70        0xc zephyr/libzephyr.a(log_backend_uart.c.obj)
 .text.dropped  0x000000000000dd7c        0xc zephyr/libzephyr.a(log_backend_uart.c.obj)
 .text.log_backend_uart_init
                0x000000000000dd88       0x18 zephyr/libzephyr.a(log_backend_uart.c.obj)
 .text.put      0x000000000000dda0       0x24 zephyr/libzephyr.a(log_backend_uart.c.obj)
 .text.log_backend_rtt_init
                0x000000000000ddc4        0xc zephyr/libzephyr.a(log_backend_rtt.c.obj)
 .text.panic    0x000000000000ddd0       0x14 zephyr/libzephyr.a(log_backend_rtt.c.obj)
 .text.dropped  0x000000000000dde4        0xc zephyr/libzephyr.a(log_backend_rtt.c.obj)
 .text.put      0x000000000000ddf0       0x24 zephyr/libzephyr.a(log_backend_rtt.c.obj)
 .text.on_failed_write.part.0
                0x000000000000de14       0x1c zephyr/libzephyr.a(log_backend_rtt.c.obj)
 .text.data_out_block_mode
                0x000000000000de30       0xa0 zephyr/libzephyr.a(log_backend_rtt.c.obj)
 .text.nvs_flash_erase_sector
                0x000000000000ded0       0x9c zephyr/libzephyr.a(nvs.c.obj)
 .text.nvs_recover_last_ate
                0x000000000000df6c       0x8c zephyr/libzephyr.a(nvs.c.obj)
 .text.nvs_add_gc_done_ate
                0x000000000000dff8       0x54 zephyr/libzephyr.a(nvs.c.obj)
 .text.nvs_gc   0x000000000000e04c      0x1ac zephyr/libzephyr.a(nvs.c.obj)
 .text.nvs_init
                0x000000000000e1f8      0x3c0 zephyr/libzephyr.a(nvs.c.obj)
                0x000000000000e1f8                nvs_init
 .text.nvs_write
                0x000000000000e5b8      0x1a8 zephyr/libzephyr.a(nvs.c.obj)
                0x000000000000e5b8                nvs_write
 .text.nvs_read_hist
                0x000000000000e760       0xd0 zephyr/libzephyr.a(nvs.c.obj)
                0x000000000000e760                nvs_read_hist
 .text.pm_state_notify
                0x000000000000e830       0x44 zephyr/libzephyr.a(power.c.obj)
 .text.pm_system_resume
                0x000000000000e874       0x4c zephyr/libzephyr.a(power.c.obj)
                0x000000000000e874                pm_system_resume
 .text.pm_system_suspend
                0x000000000000e8c0       0x88 zephyr/libzephyr.a(power.c.obj)
                0x000000000000e8c0                pm_system_suspend
 .text.uart_console_init
                0x000000000000e948       0x2c zephyr/libzephyr.a(uart_console.c.obj)
 .text.console_out
                0x000000000000e974       0x28 zephyr/libzephyr.a(uart_console.c.obj)
 .text.onoff_stop
                0x000000000000e99c       0x30 zephyr/libzephyr.a(clock_control_nrf.c.obj)
 .text.onoff_start
                0x000000000000e9cc       0x44 zephyr/libzephyr.a(clock_control_nrf.c.obj)
 .text.clk_init
                0x000000000000ea10       0x60 zephyr/libzephyr.a(clock_control_nrf.c.obj)
 .text.clkstarted_handle.constprop.0
                0x000000000000ea70       0x34 zephyr/libzephyr.a(clock_control_nrf.c.obj)
 .text.clock_event_handler
                0x000000000000eaa4       0x1c zephyr/libzephyr.a(clock_control_nrf.c.obj)
 .text.generic_hfclk_start
                0x000000000000eac0       0x64 zephyr/libzephyr.a(clock_control_nrf.c.obj)
 .text.api_blocking_start
                0x000000000000eb24       0x34 zephyr/libzephyr.a(clock_control_nrf.c.obj)
 .text.lfclk_start
                0x000000000000eb58       0x24 zephyr/libzephyr.a(clock_control_nrf.c.obj)
 .text.generic_hfclk_stop
                0x000000000000eb7c       0x2c zephyr/libzephyr.a(clock_control_nrf.c.obj)
 .text.z_nrf_clock_control_lf_on
                0x000000000000eba8      0x100 zephyr/libzephyr.a(clock_control_nrf.c.obj)
                0x000000000000eba8                z_nrf_clock_control_lf_on
 .text.sys_clock_timeout_handler
                0x000000000000eca8       0x18 zephyr/libzephyr.a(nrf_rtc_timer.c.obj)
 .text.set_absolute_alarm
                0x000000000000ecc0       0x94 zephyr/libzephyr.a(nrf_rtc_timer.c.obj)
 .text.rtc_nrf_isr
                0x000000000000ed54       0x60 zephyr/libzephyr.a(nrf_rtc_timer.c.obj)
                0x000000000000ed54                rtc_nrf_isr
 .text.sys_clock_driver_init
                0x000000000000edb4       0x4c zephyr/libzephyr.a(nrf_rtc_timer.c.obj)
                0x000000000000edb4                sys_clock_driver_init
 .text.sys_clock_set_timeout
                0x000000000000ee00       0x64 zephyr/libzephyr.a(nrf_rtc_timer.c.obj)
                0x000000000000ee00                sys_clock_set_timeout
 .text.sys_clock_elapsed
                0x000000000000ee64       0x1c zephyr/libzephyr.a(nrf_rtc_timer.c.obj)
                0x000000000000ee64                sys_clock_elapsed
 .text.sys_clock_cycle_get_32
                0x000000000000ee80       0x34 zephyr/libzephyr.a(nrf_rtc_timer.c.obj)
                0x000000000000ee80                sys_clock_cycle_get_32
 .text.arch_swap
                0x000000000000eeb4       0x34 zephyr/arch/arch/arm/core/aarch32/libarch__arm__core__aarch32.a(swap.c.obj)
                0x000000000000eeb4                arch_swap
 .text.z_arm_pendsv
                0x000000000000eee8       0x54 zephyr/arch/arch/arm/core/aarch32/libarch__arm__core__aarch32.a(swap_helper.S.obj)
                0x000000000000eee8                z_arm_pendsv
 .text.z_arm_svc
                0x000000000000ef3c       0x20 zephyr/arch/arch/arm/core/aarch32/libarch__arm__core__aarch32.a(swap_helper.S.obj)
                0x000000000000ef3c                z_arm_svc
 .text.arch_irq_enable
                0x000000000000ef5c       0x20 zephyr/arch/arch/arm/core/aarch32/libarch__arm__core__aarch32.a(irq_manage.c.obj)
                0x000000000000ef5c                arch_irq_enable
 .text.arch_irq_is_enabled
                0x000000000000ef7c       0x1c zephyr/arch/arch/arm/core/aarch32/libarch__arm__core__aarch32.a(irq_manage.c.obj)
                0x000000000000ef7c                arch_irq_is_enabled
 .text.z_arm_irq_priority_set
                0x000000000000ef98       0x30 zephyr/arch/arch/arm/core/aarch32/libarch__arm__core__aarch32.a(irq_manage.c.obj)
                0x000000000000ef98                z_arm_irq_priority_set
 .text.arch_new_thread
                0x000000000000efc8       0x38 zephyr/arch/arch/arm/core/aarch32/libarch__arm__core__aarch32.a(thread.c.obj)
                0x000000000000efc8                arch_new_thread
 .text.z_check_thread_stack_fail
                0x000000000000f000       0x2c zephyr/arch/arch/arm/core/aarch32/libarch__arm__core__aarch32.a(thread.c.obj)
                0x000000000000f000                z_check_thread_stack_fail
 .text.arch_switch_to_main_thread
                0x000000000000f02c       0x2c zephyr/arch/arch/arm/core/aarch32/libarch__arm__core__aarch32.a(thread.c.obj)
                0x000000000000f02c                arch_switch_to_main_thread
 .text.z_arm_cpu_idle_init
                0x000000000000f058        0xc zephyr/arch/arch/arm/core/aarch32/libarch__arm__core__aarch32.a(cpu_idle.S.obj)
                0x000000000000f058                z_arm_cpu_idle_init
 .text.arch_cpu_idle
                0x000000000000f064       0x1c zephyr/arch/arch/arm/core/aarch32/libarch__arm__core__aarch32.a(cpu_idle.S.obj)
                0x000000000000f064                arch_cpu_idle
 .text.arch_cpu_atomic_idle
                0x000000000000f080       0x14 zephyr/arch/arch/arm/core/aarch32/libarch__arm__core__aarch32.a(cpu_idle.S.obj)
                0x000000000000f080                arch_cpu_atomic_idle
 .text.z_arm_fatal_error
                0x000000000000f094       0x70 zephyr/arch/arch/arm/core/aarch32/libarch__arm__core__aarch32.a(fatal.c.obj)
                0x000000000000f094                z_arm_fatal_error
 .text.z_SysNmiOnReset
                0x000000000000f104        0x8 zephyr/arch/arch/arm/core/aarch32/libarch__arm__core__aarch32.a(nmi_on_reset.S.obj)
                0x000000000000f104                z_SysNmiOnReset
 .text.z_arm_prep_c
                0x000000000000f10c       0x38 zephyr/arch/arch/arm/core/aarch32/libarch__arm__core__aarch32.a(prep_c.c.obj)
                0x000000000000f10c                z_arm_prep_c
 .text._isr_wrapper
                0x000000000000f144       0x40 zephyr/arch/arch/arm/core/aarch32/libarch__arm__core__aarch32.a(isr_wrapper.S.obj)
                0x000000000000f144                _isr_wrapper
 .text._reset_section
                0x000000000000f184       0x54 zephyr/arch/arch/arm/core/aarch32/cortex_m/libarch__arm__core__aarch32__cortex_m.a(reset.S.obj)
                0x000000000000f184                z_arm_reset
                0x000000000000f184                __start
 .text.__fault  0x000000000000f1d8       0x14 zephyr/arch/arch/arm/core/aarch32/cortex_m/libarch__arm__core__aarch32__cortex_m.a(fault_s.S.obj)
                0x000000000000f1d8                z_arm_bus_fault
                0x000000000000f1d8                z_arm_usage_fault
                0x000000000000f1d8                z_arm_mpu_fault
                0x000000000000f1d8                z_arm_exc_spurious
                0x000000000000f1d8                z_arm_debug_monitor
                0x000000000000f1d8                z_arm_hard_fault
 .text.mem_manage_fault
                0x000000000000f1ec      0x104 zephyr/arch/arch/arm/core/aarch32/cortex_m/libarch__arm__core__aarch32__cortex_m.a(fault.c.obj)
 .text.usage_fault.constprop.0
                0x000000000000f2f0       0xb8 zephyr/arch/arch/arm/core/aarch32/cortex_m/libarch__arm__core__aarch32__cortex_m.a(fault.c.obj)
 .text.bus_fault.constprop.0
                0x000000000000f3a8       0xdc zephyr/arch/arch/arm/core/aarch32/cortex_m/libarch__arm__core__aarch32__cortex_m.a(fault.c.obj)
 .text.z_arm_fault
                0x000000000000f484      0x194 zephyr/arch/arch/arm/core/aarch32/cortex_m/libarch__arm__core__aarch32__cortex_m.a(fault.c.obj)
                0x000000000000f484                z_arm_fault
 .text.z_arm_fault_init
                0x000000000000f618       0x10 zephyr/arch/arch/arm/core/aarch32/cortex_m/libarch__arm__core__aarch32__cortex_m.a(fault.c.obj)
                0x000000000000f618                z_arm_fault_init
 .text._HandlerModeExit
                0x000000000000f628       0x1c zephyr/arch/arch/arm/core/aarch32/cortex_m/libarch__arm__core__aarch32__cortex_m.a(exc_exit.S.obj)
                0x000000000000f628                z_arm_exc_exit
                0x000000000000f628                z_arm_int_exit
 .text.z_arm_clear_arm_mpu_config
                0x000000000000f644       0x24 zephyr/arch/arch/arm/core/aarch32/cortex_m/libarch__arm__core__aarch32__cortex_m.a(scb.c.obj)
                0x000000000000f644                z_arm_clear_arm_mpu_config
 .text.z_arm_init_arch_hw_at_boot
                0x000000000000f668       0x64 zephyr/arch/arch/arm/core/aarch32/cortex_m/libarch__arm__core__aarch32__cortex_m.a(scb.c.obj)
                0x000000000000f668                z_arm_init_arch_hw_at_boot
 .text.z_arm_interrupt_init
                0x000000000000f6cc       0x18 zephyr/arch/arch/arm/core/aarch32/cortex_m/libarch__arm__core__aarch32__cortex_m.a(irq_init.c.obj)
                0x000000000000f6cc                z_arm_interrupt_init
 .text.z_impl_k_thread_abort
                0x000000000000f6e4       0x24 zephyr/arch/arch/arm/core/aarch32/cortex_m/libarch__arm__core__aarch32__cortex_m.a(thread_abort.c.obj)
                0x000000000000f6e4                z_impl_k_thread_abort
 .text.z_arm_configure_static_mpu_regions
                0x000000000000f708       0x18 zephyr/arch/arch/arm/core/aarch32/mpu/libarch__arm__core__aarch32__mpu.a(arm_core_mpu.c.obj)
                0x000000000000f708                z_arm_configure_static_mpu_regions
 .text.z_arm_configure_dynamic_mpu_regions
                0x000000000000f720       0x20 zephyr/arch/arch/arm/core/aarch32/mpu/libarch__arm__core__aarch32__mpu.a(arm_core_mpu.c.obj)
                0x000000000000f720                z_arm_configure_dynamic_mpu_regions
 .text.mpu_configure_regions
                0x000000000000f740       0xc0 zephyr/arch/arch/arm/core/aarch32/mpu/libarch__arm__core__aarch32__mpu.a(arm_mpu.c.obj)
 .text.arm_core_mpu_enable
                0x000000000000f800       0x18 zephyr/arch/arch/arm/core/aarch32/mpu/libarch__arm__core__aarch32__mpu.a(arm_mpu.c.obj)
                0x000000000000f800                arm_core_mpu_enable
 .text.arm_core_mpu_disable
                0x000000000000f818       0x14 zephyr/arch/arch/arm/core/aarch32/mpu/libarch__arm__core__aarch32__mpu.a(arm_mpu.c.obj)
                0x000000000000f818                arm_core_mpu_disable
 .text.arm_core_mpu_configure_static_mpu_regions
                0x000000000000f82c       0x14 zephyr/arch/arch/arm/core/aarch32/mpu/libarch__arm__core__aarch32__mpu.a(arm_mpu.c.obj)
                0x000000000000f82c                arm_core_mpu_configure_static_mpu_regions
 .text.arm_core_mpu_configure_dynamic_mpu_regions
                0x000000000000f840       0x30 zephyr/arch/arch/arm/core/aarch32/mpu/libarch__arm__core__aarch32__mpu.a(arm_mpu.c.obj)
                0x000000000000f840                arm_core_mpu_configure_dynamic_mpu_regions
 .text.z_arm_mpu_init
                0x000000000000f870       0x60 zephyr/arch/arch/arm/core/aarch32/mpu/libarch__arm__core__aarch32__mpu.a(arm_mpu.c.obj)
                0x000000000000f870                z_arm_mpu_init
 .text.__stdout_hook_install
                0x000000000000f8d0        0xc zephyr/lib/libc/minimal/liblib__libc__minimal.a(stdout_console.c.obj)
                0x000000000000f8d0                __stdout_hook_install
 .text.nordicsemi_nrf52_init
                0x000000000000f8dc       0x30 zephyr/soc/arm/nordic_nrf/nrf52/libsoc__arm__nordic_nrf__nrf52.a(soc.c.obj)
 .text.sys_arch_reboot
                0x000000000000f90c       0x2c zephyr/soc/arm/nordic_nrf/nrf52/libsoc__arm__nordic_nrf__nrf52.a(soc.c.obj)
                0x000000000000f90c                sys_arch_reboot
 .text.arch_busy_wait
                0x000000000000f938       0x14 zephyr/soc/arm/nordic_nrf/nrf52/libsoc__arm__nordic_nrf__nrf52.a(soc.c.obj)
                0x000000000000f938                arch_busy_wait
 .text.gpio_nrfx_init
                0x000000000000f94c       0x30 zephyr/drivers/gpio/libdrivers__gpio.a(gpio_nrfx.c.obj)
 .text.gpio_nrfx_pin_interrupt_configure
                0x000000000000f97c      0x1a8 zephyr/drivers/gpio/libdrivers__gpio.a(gpio_nrfx.c.obj)
 .text.gpio_nrfx_config
                0x000000000000fb24       0xb8 zephyr/drivers/gpio/libdrivers__gpio.a(gpio_nrfx.c.obj)
 .text.gpiote_event_handler
                0x000000000000fbdc      0x11c zephyr/drivers/gpio/libdrivers__gpio.a(gpio_nrfx.c.obj)
 .text.flash_nrf_pages_layout
                0x000000000000fcf8       0x10 zephyr/drivers/flash/libdrivers__flash.a(soc_flash_nrf.c.obj)
 .text.flash_nrf_get_parameters
                0x000000000000fd08        0x8 zephyr/drivers/flash/libdrivers__flash.a(soc_flash_nrf.c.obj)
 .text.flash_nrf_read
                0x000000000000fd10       0x50 zephyr/drivers/flash/libdrivers__flash.a(soc_flash_nrf.c.obj)
 .text.nrf_flash_init
                0x000000000000fd60       0x28 zephyr/drivers/flash/libdrivers__flash.a(soc_flash_nrf.c.obj)
 .text.flash_nrf_erase
                0x000000000000fd88       0xa4 zephyr/drivers/flash/libdrivers__flash.a(soc_flash_nrf.c.obj)
 .text.flash_nrf_write
                0x000000000000fe2c       0xa8 zephyr/drivers/flash/libdrivers__flash.a(soc_flash_nrf.c.obj)
 .text.uarte_nrfx_configure
                0x000000000000fed4      0x160 zephyr/drivers/serial/libdrivers__serial.a(uart_nrfx_uarte.c.obj)
 .text.uarte_nrfx_poll_out
                0x0000000000010034       0xc4 zephyr/drivers/serial/libdrivers__serial.a(uart_nrfx_uarte.c.obj)
 .text.uarte_0_init
                0x00000000000100f8      0x128 zephyr/drivers/serial/libdrivers__serial.a(uart_nrfx_uarte.c.obj)
 .text.k_sys_fatal_error_handler
                0x0000000000010220       0x2c modules/nrf/lib/fatal_error/lib..__nrf__lib__fatal_error.a(fatal_error.c.obj)
                0x0000000000010220                k_sys_fatal_error_handler
 .text.nrf52_errata_16
                0x000000000001024c       0x28 modules/hal_nordic/nrfx/libmodules__hal_nordic__nrfx.a(system_nrf52.c.obj)
 .text.nvmc_wait
                0x0000000000010274       0x10 modules/hal_nordic/nrfx/libmodules__hal_nordic__nrfx.a(system_nrf52.c.obj)
                0x0000000000010274                nvmc_wait
 .text.SystemInit
                0x0000000000010284      0x288 modules/hal_nordic/nrfx/libmodules__hal_nordic__nrfx.a(system_nrf52.c.obj)
                0x0000000000010284                SystemInit
 .text.nrfx_clock_init
                0x000000000001050c       0x20 modules/hal_nordic/nrfx/libmodules__hal_nordic__nrfx.a(nrfx_clock.c.obj)
                0x000000000001050c                nrfx_clock_init
 .text.nrfx_clock_start
                0x000000000001052c       0x90 modules/hal_nordic/nrfx/libmodules__hal_nordic__nrfx.a(nrfx_clock.c.obj)
                0x000000000001052c                nrfx_clock_start
 .text.nrfx_clock_stop
                0x00000000000105bc       0x78 modules/hal_nordic/nrfx/libmodules__hal_nordic__nrfx.a(nrfx_clock.c.obj)
                0x00000000000105bc                nrfx_clock_stop
 .text.nrfx_power_clock_irq_handler
                0x0000000000010634       0x68 modules/hal_nordic/nrfx/libmodules__hal_nordic__nrfx.a(nrfx_clock.c.obj)
                0x0000000000010634                nrfx_power_clock_irq_handler
 .text.nrfx_gpiote_channel_free
                0x000000000001069c       0x40 modules/hal_nordic/nrfx/libmodules__hal_nordic__nrfx.a(nrfx_gpiote.c.obj)
                0x000000000001069c                nrfx_gpiote_channel_free
 .text.nrfx_gpiote_channel_alloc
                0x00000000000106dc       0x70 modules/hal_nordic/nrfx/libmodules__hal_nordic__nrfx.a(nrfx_gpiote.c.obj)
                0x00000000000106dc                nrfx_gpiote_channel_alloc
 .text.nvmc_word_write
                0x000000000001074c       0x18 modules/hal_nordic/nrfx/libmodules__hal_nordic__nrfx.a(nrfx_nvmc.c.obj)
 .text.nrfx_nvmc_page_erase
                0x0000000000010764       0x40 modules/hal_nordic/nrfx/libmodules__hal_nordic__nrfx.a(nrfx_nvmc.c.obj)
                0x0000000000010764                nrfx_nvmc_page_erase
 .text.nrfx_nvmc_word_write
                0x00000000000107a4       0x1c modules/hal_nordic/nrfx/libmodules__hal_nordic__nrfx.a(nrfx_nvmc.c.obj)
                0x00000000000107a4                nrfx_nvmc_word_write
 .text.nrfx_ppi_channel_alloc
                0x00000000000107c0       0x68 modules/hal_nordic/nrfx/libmodules__hal_nordic__nrfx.a(nrfx_ppi.c.obj)
                0x00000000000107c0                nrfx_ppi_channel_alloc
 .text._DoInit  0x0000000000010828       0x60 modules/segger/libmodules__segger.a(SEGGER_RTT.c.obj)
 .text.SEGGER_RTT_WriteSkipNoLock
                0x0000000000010888       0x98 modules/segger/libmodules__segger.a(SEGGER_RTT.c.obj)
                0x0000000000010888                SEGGER_RTT_WriteSkipNoLock
 .text.SEGGER_RTT_HasDataUp
                0x0000000000010920       0x14 modules/segger/libmodules__segger.a(SEGGER_RTT.c.obj)
                0x0000000000010920                SEGGER_RTT_HasDataUp
 .text.z_sys_init_run_level
                0x0000000000010934       0x40 zephyr/kernel/libkernel.a(device.c.obj)
                0x0000000000010934                z_sys_init_run_level
 .text.z_impl_device_get_binding
                0x0000000000010974       0x54 zephyr/kernel/libkernel.a(device.c.obj)
                0x0000000000010974                z_impl_device_get_binding
 .text.z_fatal_error
                0x00000000000109c8       0xbc zephyr/kernel/libkernel.a(fatal.c.obj)
                0x00000000000109c8                z_fatal_error
 .text.z_bss_zero
                0x0000000000010a84       0x14 zephyr/kernel/libkernel.a(init.c.obj)
                0x0000000000010a84                z_bss_zero
 .text.bg_thread_main
                0x0000000000010a98       0x34 zephyr/kernel/libkernel.a(init.c.obj)
 .text.z_cstart
                0x0000000000010acc      0x114 zephyr/kernel/libkernel.a(init.c.obj)
                0x0000000000010acc                z_cstart
 .text.init_mem_slab_module
                0x0000000000010be0       0x44 zephyr/kernel/libkernel.a(mem_slab.c.obj)
 .text.k_mem_slab_alloc
                0x0000000000010c24       0x5c zephyr/kernel/libkernel.a(mem_slab.c.obj)
                0x0000000000010c24                k_mem_slab_alloc
 .text.z_setup_new_thread
                0x0000000000010c80       0x64 zephyr/kernel/libkernel.a(thread.c.obj)
                0x0000000000010c80                z_setup_new_thread
 .text.z_impl_k_thread_create
                0x0000000000010ce4       0x58 zephyr/kernel/libkernel.a(thread.c.obj)
                0x0000000000010ce4                z_impl_k_thread_create
 .text.z_init_static_threads
                0x0000000000010d3c       0xb8 zephyr/kernel/libkernel.a(thread.c.obj)
                0x0000000000010d3c                z_init_static_threads
 .text.idle     0x0000000000010df4       0x2c zephyr/kernel/libkernel.a(idle.c.obj)
                0x0000000000010df4                idle
 .text.z_impl_k_mutex_lock
                0x0000000000010e20       0xf0 zephyr/kernel/libkernel.a(mutex.c.obj)
                0x0000000000010e20                z_impl_k_mutex_lock
 .text.z_impl_k_mutex_unlock
                0x0000000000010f10       0x84 zephyr/kernel/libkernel.a(mutex.c.obj)
                0x0000000000010f10                z_impl_k_mutex_unlock
 .text.z_impl_k_sem_give
                0x0000000000010f94       0x40 zephyr/kernel/libkernel.a(sem.c.obj)
                0x0000000000010f94                z_impl_k_sem_give
 .text.z_impl_k_sem_take
                0x0000000000010fd4       0x50 zephyr/kernel/libkernel.a(sem.c.obj)
                0x0000000000010fd4                z_impl_k_sem_take
 .text.z_reset_time_slice
                0x0000000000011024       0x2c zephyr/kernel/libkernel.a(sched.c.obj)
                0x0000000000011024                z_reset_time_slice
 .text.k_sched_time_slice_set
                0x0000000000011050       0x60 zephyr/kernel/libkernel.a(sched.c.obj)
                0x0000000000011050                k_sched_time_slice_set
 .text.z_reschedule
                0x00000000000110b0       0x24 zephyr/kernel/libkernel.a(sched.c.obj)
                0x00000000000110b0                z_reschedule
 .text.k_sched_lock
                0x00000000000110d4       0x28 zephyr/kernel/libkernel.a(sched.c.obj)
                0x00000000000110d4                k_sched_lock
 .text.update_cache
                0x00000000000110fc       0x40 zephyr/kernel/libkernel.a(sched.c.obj)
 .text.unready_thread
                0x000000000001113c       0x30 zephyr/kernel/libkernel.a(sched.c.obj)
 .text.pend     0x000000000001116c       0x4c zephyr/kernel/libkernel.a(sched.c.obj)
 .text.z_pend_curr
                0x00000000000111b8       0x28 zephyr/kernel/libkernel.a(sched.c.obj)
                0x00000000000111b8                z_pend_curr
 .text.z_impl_k_thread_suspend
                0x00000000000111e0       0x64 zephyr/kernel/libkernel.a(sched.c.obj)
                0x00000000000111e0                z_impl_k_thread_suspend
 .text.k_sched_unlock
                0x0000000000011244       0x38 zephyr/kernel/libkernel.a(sched.c.obj)
                0x0000000000011244                k_sched_unlock
 .text.move_thread_to_end_of_prio_q
                0x000000000001127c       0x74 zephyr/kernel/libkernel.a(sched.c.obj)
 .text.z_time_slice
                0x00000000000112f0       0x80 zephyr/kernel/libkernel.a(sched.c.obj)
                0x00000000000112f0                z_time_slice
 .text.ready_thread
                0x0000000000011370       0x6c zephyr/kernel/libkernel.a(sched.c.obj)
 .text.z_sched_start
                0x00000000000113dc       0x3c zephyr/kernel/libkernel.a(sched.c.obj)
                0x00000000000113dc                z_sched_start
 .text.z_set_prio
                0x0000000000011418       0x90 zephyr/kernel/libkernel.a(sched.c.obj)
                0x0000000000011418                z_set_prio
 .text.z_sched_init
                0x00000000000114a8       0x18 zephyr/kernel/libkernel.a(sched.c.obj)
                0x00000000000114a8                z_sched_init
 .text.z_impl_k_yield
                0x00000000000114c0       0x80 zephyr/kernel/libkernel.a(sched.c.obj)
                0x00000000000114c0                z_impl_k_yield
 .text.z_tick_sleep
                0x0000000000011540       0x90 zephyr/kernel/libkernel.a(sched.c.obj)
 .text.z_impl_k_sleep
                0x00000000000115d0       0x34 zephyr/kernel/libkernel.a(sched.c.obj)
                0x00000000000115d0                z_impl_k_sleep
 .text.z_impl_k_current_get
                0x0000000000011604        0xc zephyr/kernel/libkernel.a(sched.c.obj)
                0x0000000000011604                z_impl_k_current_get
 .text.z_thread_abort
                0x0000000000011610       0xa4 zephyr/kernel/libkernel.a(sched.c.obj)
                0x0000000000011610                z_thread_abort
 .text.z_data_copy
                0x00000000000116b4       0x34 zephyr/kernel/libkernel.a(xip.c.obj)
                0x00000000000116b4                z_data_copy
 .text.elapsed  0x00000000000116e8       0x14 zephyr/kernel/libkernel.a(timeout.c.obj)
 .text.next_timeout
                0x00000000000116fc       0x50 zephyr/kernel/libkernel.a(timeout.c.obj)
 .text.remove_timeout
                0x000000000001174c       0x34 zephyr/kernel/libkernel.a(timeout.c.obj)
 .text.z_add_timeout
                0x0000000000011780       0xf4 zephyr/kernel/libkernel.a(timeout.c.obj)
                0x0000000000011780                z_add_timeout
 .text.sys_clock_announce
                0x0000000000011874       0xb8 zephyr/kernel/libkernel.a(timeout.c.obj)
                0x0000000000011874                sys_clock_announce
 .text.sys_clock_tick_get
                0x000000000001192c       0x30 zephyr/kernel/libkernel.a(timeout.c.obj)
                0x000000000001192c                sys_clock_tick_get
 .text.z_timer_expiration_handler
                0x000000000001195c       0x54 zephyr/kernel/libkernel.a(timer.c.obj)
                0x000000000001195c                z_timer_expiration_handler
 .text.z_impl_k_timer_start
                0x00000000000119b0       0xa0 zephyr/kernel/libkernel.a(timer.c.obj)
                0x00000000000119b0                z_impl_k_timer_start
 .text.boot_banner
                0x0000000000011a50       0x18 zephyr/kernel/libkernel.a(banner.c.obj)
                0x0000000000011a50                boot_banner
 .text._OffsetAbsSyms
                0x0000000000011a68        0x2 zephyr/CMakeFiles/offsets.dir/./arch/arm/core/offsets/offsets.c.obj
                0x0000000000011a68                _OffsetAbsSyms
 .text.sys_notify_validate
                0x0000000000011a6a       0x22 zephyr/libzephyr.a(notify.c.obj)
                0x0000000000011a6a                sys_notify_validate
 .text.sys_notify_finalize
                0x0000000000011a8c       0x1a zephyr/libzephyr.a(notify.c.obj)
                0x0000000000011a8c                sys_notify_finalize
 .text.arch_printk_char_out
                0x0000000000011aa6        0x4 zephyr/libzephyr.a(printk.c.obj)
                0x0000000000011aa6                arch_printk_char_out
 .text.str_out  0x0000000000011aaa       0x26 zephyr/libzephyr.a(printk.c.obj)
 .text.printk   0x0000000000011ad0       0x1a zephyr/libzephyr.a(printk.c.obj)
                0x0000000000011ad0                printk
 .text.snprintk
                0x0000000000011aea       0x1a zephyr/libzephyr.a(printk.c.obj)
                0x0000000000011aea                snprintk
 .text.process_recheck
                0x0000000000011b04       0x38 zephyr/libzephyr.a(onoff.c.obj)
 .text.notify_one
                0x0000000000011b3c       0x2c zephyr/libzephyr.a(onoff.c.obj)
 .text.transition_complete
                0x0000000000011b68       0x1c zephyr/libzephyr.a(onoff.c.obj)
 .text.validate_args
                0x0000000000011b84       0x1e zephyr/libzephyr.a(onoff.c.obj)
 .text.onoff_manager_init
                0x0000000000011ba2       0x26 zephyr/libzephyr.a(onoff.c.obj)
                0x0000000000011ba2                onoff_manager_init
 .text.onoff_request
                0x0000000000011bc8       0x92 zephyr/libzephyr.a(onoff.c.obj)
                0x0000000000011bc8                onoff_request
 .text.z_thread_entry
                0x0000000000011c5a       0x14 zephyr/libzephyr.a(thread_entry.c.obj)
                0x0000000000011c5a                z_thread_entry
 .text.encode_uint
                0x0000000000011c6e       0x8c zephyr/libzephyr.a(cbprintf_complete.c.obj)
 .text.outs     0x0000000000011cfa       0x2c zephyr/libzephyr.a(cbprintf_complete.c.obj)
 .text._ConfigAbsSyms
                0x0000000000011d26        0x2 zephyr/libzephyr.a(configs.c.obj)
                0x0000000000011d26                _ConfigAbsSyms
 .text.log_list_init
                0x0000000000011d28        0x8 zephyr/libzephyr.a(log_list.c.obj)
                0x0000000000011d28                log_list_init
 .text.log_list_add_tail
                0x0000000000011d30       0x14 zephyr/libzephyr.a(log_list.c.obj)
                0x0000000000011d30                log_list_add_tail
 .text.log_list_head_peek
                0x0000000000011d44        0x4 zephyr/libzephyr.a(log_list.c.obj)
                0x0000000000011d44                log_list_head_peek
 .text.log_list_head_get
                0x0000000000011d48        0xc zephyr/libzephyr.a(log_list.c.obj)
                0x0000000000011d48                log_list_head_get
 .text.z_log_msg_std_alloc
                0x0000000000011d54       0x12 zephyr/libzephyr.a(log_core.c.obj)
 .text.default_get_timestamp
                0x0000000000011d66        0x4 zephyr/libzephyr.a(log_core.c.obj)
 .text.dummy_timestamp
                0x0000000000011d6a        0x4 zephyr/libzephyr.a(log_core.c.obj)
 .text.z_log_get_s_mask
                0x0000000000011d6e       0x40 zephyr/libzephyr.a(log_core.c.obj)
                0x0000000000011d6e                z_log_get_s_mask
 .text.log_0    0x0000000000011dae       0x1a zephyr/libzephyr.a(log_core.c.obj)
                0x0000000000011dae                log_0
 .text.log_1    0x0000000000011dc8       0x28 zephyr/libzephyr.a(log_core.c.obj)
                0x0000000000011dc8                log_1
 .text.log_2    0x0000000000011df0       0x32 zephyr/libzephyr.a(log_core.c.obj)
                0x0000000000011df0                log_2
 .text.log_3    0x0000000000011e22       0x38 zephyr/libzephyr.a(log_core.c.obj)
                0x0000000000011e22                log_3
 .text.log_msg_hexdump_data_op
                0x0000000000011e5a       0xac zephyr/libzephyr.a(log_msg.c.obj)
 .text.log_msg_get
                0x0000000000011f06       0x1a zephyr/libzephyr.a(log_msg.c.obj)
                0x0000000000011f06                log_msg_get
 .text.log_msg_nargs_get
                0x0000000000011f20        0x6 zephyr/libzephyr.a(log_msg.c.obj)
                0x0000000000011f20                log_msg_nargs_get
 .text.log_msg_arg_get
                0x0000000000011f26       0x3e zephyr/libzephyr.a(log_msg.c.obj)
                0x0000000000011f26                log_msg_arg_get
 .text.log_msg_put
                0x0000000000011f64       0x26 zephyr/libzephyr.a(log_msg.c.obj)
                0x0000000000011f64                log_msg_put
 .text.log_msg_str_get
                0x0000000000011f8a        0x4 zephyr/libzephyr.a(log_msg.c.obj)
                0x0000000000011f8a                log_msg_str_get
 .text.log_msg_hexdump_data_get
                0x0000000000011f8e        0xe zephyr/libzephyr.a(log_msg.c.obj)
                0x0000000000011f8e                log_msg_hexdump_data_get
 .text.buffer_write
                0x0000000000011f9c       0x1a zephyr/libzephyr.a(log_output.c.obj)
 .text.std_print
                0x0000000000011fb6      0x2ba zephyr/libzephyr.a(log_output.c.obj)
 .text.log_output_flush
                0x0000000000012270       0x1a zephyr/libzephyr.a(log_output.c.obj)
                0x0000000000012270                log_output_flush
 .text.out_func
                0x000000000001228a       0x36 zephyr/libzephyr.a(log_output.c.obj)
 .text.z_impl_flash_write
                0x00000000000122c0       0x3e zephyr/libzephyr.a(nvs.c.obj)
 .text.nvs_flash_rd
                0x00000000000122fe       0x1c zephyr/libzephyr.a(nvs.c.obj)
 .text.nvs_flash_block_cmp
                0x000000000001231a       0x54 zephyr/libzephyr.a(nvs.c.obj)
 .text.nvs_flash_cmp_const
                0x000000000001236e       0x4a zephyr/libzephyr.a(nvs.c.obj)
 .text.nvs_ate_crc8_update
                0x00000000000123b8       0x12 zephyr/libzephyr.a(nvs.c.obj)
 .text.nvs_sector_advance.isra.0
                0x00000000000123ca       0x16 zephyr/libzephyr.a(nvs.c.obj)
 .text.nvs_al_size.isra.0
                0x00000000000123e0       0x14 zephyr/libzephyr.a(nvs.c.obj)
 .text.nvs_ate_valid
                0x00000000000123f4       0x34 zephyr/libzephyr.a(nvs.c.obj)
 .text.nvs_close_ate_valid
                0x0000000000012428       0x3c zephyr/libzephyr.a(nvs.c.obj)
 .text.nvs_flash_al_wrt.part.0
                0x0000000000012464       0x6a zephyr/libzephyr.a(nvs.c.obj)
 .text.nvs_flash_data_wrt
                0x00000000000124ce       0x26 zephyr/libzephyr.a(nvs.c.obj)
 .text.nvs_flash_ate_wrt
                0x00000000000124f4       0x22 zephyr/libzephyr.a(nvs.c.obj)
 .text.nvs_prev_ate
                0x0000000000012516       0x98 zephyr/libzephyr.a(nvs.c.obj)
 .text.nvs_delete
                0x00000000000125ae        0x8 zephyr/libzephyr.a(nvs.c.obj)
                0x00000000000125ae                nvs_delete
 .text.nvs_read
                0x00000000000125b6        0xe zephyr/libzephyr.a(nvs.c.obj)
                0x00000000000125b6                nvs_read
 .text.pm_policy_next_state
                0x00000000000125c4        0xa zephyr/libzephyr.a(policy_residency.c.obj)
                0x00000000000125c4                pm_policy_next_state
 .text.get_status
                0x00000000000125ce       0x12 zephyr/libzephyr.a(clock_control_nrf.c.obj)
 .text.set_on_state
                0x00000000000125e0       0x26 zephyr/libzephyr.a(clock_control_nrf.c.obj)
 .text.stop     0x0000000000012606       0x54 zephyr/libzephyr.a(clock_control_nrf.c.obj)
 .text.api_stop
                0x000000000001265a        0x6 zephyr/libzephyr.a(clock_control_nrf.c.obj)
 .text.async_start
                0x0000000000012660       0x60 zephyr/libzephyr.a(clock_control_nrf.c.obj)
 .text.api_start
                0x00000000000126c0        0xe zephyr/libzephyr.a(clock_control_nrf.c.obj)
 .text.onoff_started_callback
                0x00000000000126ce       0x12 zephyr/libzephyr.a(clock_control_nrf.c.obj)
 .text.lfclk_stop
                0x00000000000126e0        0x6 zephyr/libzephyr.a(clock_control_nrf.c.obj)
 .text.blocking_start_callback
                0x00000000000126e6        0x6 zephyr/libzephyr.a(clock_control_nrf.c.obj)
 .text.sys_clock_isr
                0x00000000000126ec        0x2 zephyr/libzephyr.a(sys_clock_init.c.obj)
                0x00000000000126ec                sys_clock_isr
 .text.sys_clock_idle_exit
                0x00000000000126ee        0x2 zephyr/libzephyr.a(sys_clock_init.c.obj)
                0x00000000000126ee                sys_clock_idle_exit
 .text.sys_clock_disable
                0x00000000000126f0        0x2 zephyr/libzephyr.a(sys_clock_init.c.obj)
                0x00000000000126f0                sys_clock_disable
 .text.z_irq_spurious
                0x00000000000126f2        0x8 zephyr/arch/arch/arm/core/aarch32/libarch__arm__core__aarch32.a(irq_manage.c.obj)
                0x00000000000126f2                z_irq_spurious
 .text.z_do_kernel_oops
                0x00000000000126fa        0x8 zephyr/arch/arch/arm/core/aarch32/libarch__arm__core__aarch32.a(fatal.c.obj)
                0x00000000000126fa                z_do_kernel_oops
 .text.z_arm_nmi
                0x0000000000012702        0xe zephyr/arch/arch/arm/core/aarch32/libarch__arm__core__aarch32.a(nmi.c.obj)
                0x0000000000012702                z_arm_nmi
 .text.strcpy   0x0000000000012710       0x14 zephyr/lib/libc/minimal/liblib__libc__minimal.a(string.c.obj)
                0x0000000000012710                strcpy
 .text.strncpy  0x0000000000012724       0x24 zephyr/lib/libc/minimal/liblib__libc__minimal.a(string.c.obj)
                0x0000000000012724                strncpy
 .text.strlen   0x0000000000012748        0xe zephyr/lib/libc/minimal/liblib__libc__minimal.a(string.c.obj)
                0x0000000000012748                strlen
 .text.strnlen  0x0000000000012756       0x12 zephyr/lib/libc/minimal/liblib__libc__minimal.a(string.c.obj)
                0x0000000000012756                strnlen
 .text.strcmp   0x0000000000012768       0x18 zephyr/lib/libc/minimal/liblib__libc__minimal.a(string.c.obj)
                0x0000000000012768                strcmp
 .text.memcmp   0x0000000000012780       0x22 zephyr/lib/libc/minimal/liblib__libc__minimal.a(string.c.obj)
                0x0000000000012780                memcmp
 .text.memcpy   0x00000000000127a2       0x16 zephyr/lib/libc/minimal/liblib__libc__minimal.a(string.c.obj)
                0x00000000000127a2                memcpy
 .text.memset   0x00000000000127b8       0x12 zephyr/lib/libc/minimal/liblib__libc__minimal.a(string.c.obj)
                0x00000000000127b8                memset
 .text._stdout_hook_default
                0x00000000000127ca        0x6 zephyr/lib/libc/minimal/liblib__libc__minimal.a(stdout_console.c.obj)
 .text.pm_power_state_set
                0x00000000000127d0       0x26 zephyr/soc/arm/nordic_nrf/nrf52/libsoc__arm__nordic_nrf__nrf52.a(power.c.obj)
                0x00000000000127d0                pm_power_state_set
 .text.pm_power_state_exit_post_ops
                0x00000000000127f6       0x16 zephyr/soc/arm/nordic_nrf/nrf52/libsoc__arm__nordic_nrf__nrf52.a(power.c.obj)
                0x00000000000127f6                pm_power_state_exit_post_ops
 .text.nrf_gpio_cfg_sense_set
                0x000000000001280c       0x1c zephyr/drivers/gpio/libdrivers__gpio.a(gpio_nrfx.c.obj)
 .text.gpio_nrfx_port_get_raw
                0x0000000000012828        0xe zephyr/drivers/gpio/libdrivers__gpio.a(gpio_nrfx.c.obj)
 .text.gpio_nrfx_port_set_masked_raw
                0x0000000000012836       0x16 zephyr/drivers/gpio/libdrivers__gpio.a(gpio_nrfx.c.obj)
 .text.gpio_nrfx_port_set_bits_raw
                0x000000000001284c        0xc zephyr/drivers/gpio/libdrivers__gpio.a(gpio_nrfx.c.obj)
 .text.gpio_nrfx_port_clear_bits_raw
                0x0000000000012858        0xc zephyr/drivers/gpio/libdrivers__gpio.a(gpio_nrfx.c.obj)
 .text.gpio_nrfx_port_toggle_bits
                0x0000000000012864       0x12 zephyr/drivers/gpio/libdrivers__gpio.a(gpio_nrfx.c.obj)
 .text.gpio_nrfx_manage_callback
                0x0000000000012876       0x54 zephyr/drivers/gpio/libdrivers__gpio.a(gpio_nrfx.c.obj)
 .text.is_regular_addr_valid
                0x00000000000128ca       0x26 zephyr/drivers/flash/libdrivers__flash.a(soc_flash_nrf.c.obj)
 .text.flash_get_page_info
                0x00000000000128f0       0x70 zephyr/drivers/flash/libdrivers__flash.a(flash_page_layout.c.obj)
 .text.z_impl_flash_get_page_info_by_offs
                0x0000000000012960        0x8 zephyr/drivers/flash/libdrivers__flash.a(flash_page_layout.c.obj)
                0x0000000000012960                z_impl_flash_get_page_info_by_offs
 .text.uarte_nrfx_config_get
                0x0000000000012968       0x10 zephyr/drivers/serial/libdrivers__serial.a(uart_nrfx_uarte.c.obj)
 .text.uarte_nrfx_err_check
                0x0000000000012978        0xe zephyr/drivers/serial/libdrivers__serial.a(uart_nrfx_uarte.c.obj)
 .text.uarte_nrfx_poll_in
                0x0000000000012986       0x26 zephyr/drivers/serial/libdrivers__serial.a(uart_nrfx_uarte.c.obj)
 .text.is_tx_ready.isra.0
                0x00000000000129ac       0x20 zephyr/drivers/serial/libdrivers__serial.a(uart_nrfx_uarte.c.obj)
 .text.uarte_nrfx_isr_int
                0x00000000000129cc       0x74 zephyr/drivers/serial/libdrivers__serial.a(uart_nrfx_uarte.c.obj)
 .text.nrf52_errata_12
                0x0000000000012a40       0x1c modules/hal_nordic/nrfx/libmodules__hal_nordic__nrfx.a(system_nrf52.c.obj)
 .text.nrfx_isr
                0x0000000000012a5c        0x2 modules/hal_nordic/nrfx/libmodules__hal_nordic__nrfx.a(nrfx_glue.c.obj)
                0x0000000000012a5c                nrfx_isr
 .text.nrfx_busy_wait
                0x0000000000012a5e        0x4 modules/hal_nordic/nrfx/libmodules__hal_nordic__nrfx.a(nrfx_glue.c.obj)
                0x0000000000012a5e                nrfx_busy_wait
 .text.nrfx_clock_enable
                0x0000000000012a62       0x14 modules/hal_nordic/nrfx/libmodules__hal_nordic__nrfx.a(nrfx_clock.c.obj)
                0x0000000000012a62                nrfx_clock_enable
 .text.nrfx_nvmc_flash_size_get
                0x0000000000012a76        0xc modules/hal_nordic/nrfx/libmodules__hal_nordic__nrfx.a(nrfx_nvmc.c.obj)
                0x0000000000012a76                nrfx_nvmc_flash_size_get
 .text.nrfx_nvmc_flash_page_size_get
                0x0000000000012a82        0x8 modules/hal_nordic/nrfx/libmodules__hal_nordic__nrfx.a(nrfx_nvmc.c.obj)
                0x0000000000012a82                nrfx_nvmc_flash_page_size_get
 .text.nrfx_nvmc_flash_page_count_get
                0x0000000000012a8a        0x8 modules/hal_nordic/nrfx/libmodules__hal_nordic__nrfx.a(nrfx_nvmc.c.obj)
                0x0000000000012a8a                nrfx_nvmc_flash_page_count_get
 .text.SEGGER_RTT_Init
                0x0000000000012a92        0x4 modules/segger/libmodules__segger.a(SEGGER_RTT.c.obj)
                0x0000000000012a92                SEGGER_RTT_Init
 .text.rtt_init
                0x0000000000012a96        0xa modules/segger/libmodules__segger.a(SEGGER_RTT_zephyr.c.obj)
 .text.z_device_state_init
                0x0000000000012aa0        0x2 zephyr/kernel/libkernel.a(device.c.obj)
                0x0000000000012aa0                z_device_state_init
 .text.z_device_ready
                0x0000000000012aa2       0x14 zephyr/kernel/libkernel.a(device.c.obj)
                0x0000000000012aa2                z_device_ready
 .text.k_mem_slab_init
                0x0000000000012ab6       0x36 zephyr/kernel/libkernel.a(mem_slab.c.obj)
                0x0000000000012ab6                k_mem_slab_init
 .text.k_mem_slab_free
                0x0000000000012aec       0x52 zephyr/kernel/libkernel.a(mem_slab.c.obj)
                0x0000000000012aec                k_mem_slab_free
 .text.k_is_in_isr
                0x0000000000012b3e        0xc zephyr/kernel/libkernel.a(thread.c.obj)
                0x0000000000012b3e                k_is_in_isr
 .text.z_impl_k_thread_name_set
                0x0000000000012b4a        0x6 zephyr/kernel/libkernel.a(thread.c.obj)
                0x0000000000012b4a                z_impl_k_thread_name_set
 .text.k_thread_name_get
                0x0000000000012b50        0x4 zephyr/kernel/libkernel.a(thread.c.obj)
                0x0000000000012b50                k_thread_name_get
 .text.z_pm_save_idle_exit
                0x0000000000012b54        0xe zephyr/kernel/libkernel.a(idle.c.obj)
                0x0000000000012b54                z_pm_save_idle_exit
 .text.adjust_owner_prio.isra.0
                0x0000000000012b62       0x10 zephyr/kernel/libkernel.a(mutex.c.obj)
 .text.z_impl_k_mutex_init
                0x0000000000012b72        0xe zephyr/kernel/libkernel.a(mutex.c.obj)
                0x0000000000012b72                z_impl_k_mutex_init
 .text.z_impl_k_sem_init
                0x0000000000012b80       0x18 zephyr/kernel/libkernel.a(sem.c.obj)
                0x0000000000012b80                z_impl_k_sem_init
 .text.sys_dlist_remove
                0x0000000000012b98       0x10 zephyr/kernel/libkernel.a(sched.c.obj)
 .text.unpend_thread_no_timeout
                0x0000000000012ba8       0x14 zephyr/kernel/libkernel.a(sched.c.obj)
 .text.z_unpend_thread_no_timeout
                0x0000000000012bbc       0x20 zephyr/kernel/libkernel.a(sched.c.obj)
                0x0000000000012bbc                z_unpend_thread_no_timeout
 .text.z_reschedule_irqlock
                0x0000000000012bdc       0x18 zephyr/kernel/libkernel.a(sched.c.obj)
                0x0000000000012bdc                z_reschedule_irqlock
 .text.z_reschedule_unlocked
                0x0000000000012bf4       0x14 zephyr/kernel/libkernel.a(sched.c.obj)
 .text.z_priq_dumb_best
                0x0000000000012c08        0xc zephyr/kernel/libkernel.a(sched.c.obj)
                0x0000000000012c08                z_priq_dumb_best
 .text.add_to_waitq_locked
                0x0000000000012c14       0x54 zephyr/kernel/libkernel.a(sched.c.obj)
 .text.z_ready_thread
                0x0000000000012c68       0x20 zephyr/kernel/libkernel.a(sched.c.obj)
                0x0000000000012c68                z_ready_thread
 .text.z_thread_timeout
                0x0000000000012c88       0x44 zephyr/kernel/libkernel.a(sched.c.obj)
                0x0000000000012c88                z_thread_timeout
 .text.z_unpend1_no_timeout
                0x0000000000012ccc       0x2a zephyr/kernel/libkernel.a(sched.c.obj)
                0x0000000000012ccc                z_unpend1_no_timeout
 .text.z_unpend_first_thread
                0x0000000000012cf6       0x30 zephyr/kernel/libkernel.a(sched.c.obj)
                0x0000000000012cf6                z_unpend_first_thread
 .text.z_abort_timeout
                0x0000000000012d26       0x2c zephyr/kernel/libkernel.a(timeout.c.obj)
                0x0000000000012d26                z_abort_timeout
 .text.z_get_next_timeout_expiry
                0x0000000000012d52       0x20 zephyr/kernel/libkernel.a(timeout.c.obj)
                0x0000000000012d52                z_get_next_timeout_expiry
 .text.z_set_timeout_expiry
                0x0000000000012d72       0x34 zephyr/kernel/libkernel.a(timeout.c.obj)
                0x0000000000012d72                z_set_timeout_expiry
 .text.sys_clock_tick_get_32
                0x0000000000012da6        0x8 zephyr/kernel/libkernel.a(timeout.c.obj)
                0x0000000000012da6                sys_clock_tick_get_32
 .text.z_impl_k_busy_wait
                0x0000000000012dae        0x8 zephyr/kernel/libkernel.a(timeout.c.obj)
                0x0000000000012dae                z_impl_k_busy_wait
 .text.k_timer_init
                0x0000000000012db6       0x18 zephyr/kernel/libkernel.a(timer.c.obj)
                0x0000000000012db6                k_timer_init
 .text.z_impl_k_timer_stop
                0x0000000000012dce       0x3a zephyr/kernel/libkernel.a(timer.c.obj)
                0x0000000000012dce                z_impl_k_timer_stop
 *(SORT_BY_ALIGNMENT(.TEXT.*))
 .TEXT.z_platform_init
                0x0000000000012e08        0x4 zephyr/libzephyr.a(soc_nrf_common.S.obj)
                0x0000000000012e08                z_platform_init
 *(SORT_BY_ALIGNMENT(.gnu.linkonce.t.*))
 *(SORT_BY_ALIGNMENT(.glue_7t))
 .glue_7t       0x0000000000012e0c        0x0 linker stubs
 *(SORT_BY_ALIGNMENT(.glue_7))
 .glue_7        0x0000000000012e0c        0x0 linker stubs
 *(SORT_BY_ALIGNMENT(.vfp11_veneer))
 .vfp11_veneer  0x0000000000012e0c        0x0 linker stubs
 *(SORT_BY_ALIGNMENT(.v4_bx))
 .v4_bx         0x0000000000012e0c        0x0 linker stubs
                0x0000000000012e0c                _image_text_end = .

.ARM.exidx      0x0000000000012e0c        0x8
                0x0000000000012e0c                __exidx_start = .
 *(SORT_BY_ALIGNMENT(.ARM.exidx*) SORT_BY_ALIGNMENT(gnu.linkonce.armexidx.*))
 .ARM.exidx     0x0000000000012e0c        0x8 /Applications/ARM/bin/../lib/gcc/arm-none-eabi/10.3.1/thumb/v7e-m/nofp/libgcc.a(_udivmoddi4.o)
                0x0000000000012e14                __exidx_end = .
                0x0000000000012e14                _image_rodata_start = .

initlevel       0x0000000000012e14       0x50
                0x0000000000012e14                __init_start = .
                0x0000000000012e14                __init_PRE_KERNEL_1_start = .
 *(SORT_BY_NAME(SORT_BY_ALIGNMENT(.z_init_PRE_KERNEL_1[0-9]_*)))
 .z_init_PRE_KERNEL_10_
                0x0000000000012e14        0x8 zephyr/soc/arm/nordic_nrf/nrf52/libsoc__arm__nordic_nrf__nrf52.a(soc.c.obj)
 *(SORT_BY_NAME(SORT_BY_ALIGNMENT(.z_init_PRE_KERNEL_1[1-9][0-9]_*)))
 .z_init_PRE_KERNEL_130_
                0x0000000000012e1c        0x8 modules/segger/libmodules__segger.a(SEGGER_RTT_zephyr.c.obj)
 .z_init_PRE_KERNEL_130_
                0x0000000000012e24        0x8 zephyr/kernel/libkernel.a(mem_slab.c.obj)
 .z_init_PRE_KERNEL_150_
                0x0000000000012e2c        0x8 zephyr/libzephyr.a(clock_control_nrf.c.obj)
 .z_init_PRE_KERNEL_150_
                0x0000000000012e34        0x8 zephyr/drivers/serial/libdrivers__serial.a(uart_nrfx_uarte.c.obj)
 .z_init_PRE_KERNEL_160_
                0x0000000000012e3c        0x8 zephyr/libzephyr.a(uart_console.c.obj)
                0x0000000000012e44                __init_PRE_KERNEL_2_start = .
 *(SORT_BY_NAME(SORT_BY_ALIGNMENT(.z_init_PRE_KERNEL_2[0-9]_*)))
 .z_init_PRE_KERNEL_20_
                0x0000000000012e44        0x8 zephyr/libzephyr.a(sys_clock_init.c.obj)
 *(SORT_BY_NAME(SORT_BY_ALIGNMENT(.z_init_PRE_KERNEL_2[1-9][0-9]_*)))
                0x0000000000012e4c                __init_POST_KERNEL_start = .
 *(SORT_BY_NAME(SORT_BY_ALIGNMENT(.z_init_POST_KERNEL[0-9]_*)))
 .z_init_POST_KERNEL0_
                0x0000000000012e4c        0x8 zephyr/libzephyr.a(log_core.c.obj)
 *(SORT_BY_NAME(SORT_BY_ALIGNMENT(.z_init_POST_KERNEL[1-9][0-9]_*)))
 .z_init_POST_KERNEL40_
                0x0000000000012e54        0x8 zephyr/drivers/gpio/libdrivers__gpio.a(gpio_nrfx.c.obj)
 .z_init_POST_KERNEL50_
                0x0000000000012e5c        0x8 zephyr/drivers/flash/libdrivers__flash.a(soc_flash_nrf.c.obj)
                0x0000000000012e64                __init_APPLICATION_start = .
 *(SORT_BY_NAME(SORT_BY_ALIGNMENT(.z_init_APPLICATION[0-9]_*)))
 *(SORT_BY_NAME(SORT_BY_ALIGNMENT(.z_init_APPLICATION[1-9][0-9]_*)))
                0x0000000000012e64                __init_SMP_start = .
 *(SORT_BY_NAME(SORT_BY_ALIGNMENT(.z_init_SMP[0-9]_*)))
 *(SORT_BY_NAME(SORT_BY_ALIGNMENT(.z_init_SMP[1-9][0-9]_*)))
                0x0000000000012e64                __init_end = .

devices         0x0000000000012e64       0x78
                0x0000000000012e64                __device_start = .
                0x0000000000012e64                __device_PRE_KERNEL_1_start = .
 *(SORT_BY_NAME(SORT_BY_ALIGNMENT(.z_device_PRE_KERNEL_1[0-9]_*)))
 *(SORT_BY_NAME(SORT_BY_ALIGNMENT(.z_device_PRE_KERNEL_1[1-9][0-9]_*)))
 .z_device_PRE_KERNEL_150_
                0x0000000000012e64       0x18 zephyr/libzephyr.a(clock_control_nrf.c.obj)
                0x0000000000012e64                __device_dts_ord_26
 .z_device_PRE_KERNEL_150_
                0x0000000000012e7c       0x18 zephyr/drivers/serial/libdrivers__serial.a(uart_nrfx_uarte.c.obj)
                0x0000000000012e7c                __device_dts_ord_49
                0x0000000000012e94                __device_PRE_KERNEL_2_start = .
 *(SORT_BY_NAME(SORT_BY_ALIGNMENT(.z_device_PRE_KERNEL_2[0-9]_*)))
 .z_device_PRE_KERNEL_20_
                0x0000000000012e94       0x18 zephyr/libzephyr.a(sys_clock_init.c.obj)
 *(SORT_BY_NAME(SORT_BY_ALIGNMENT(.z_device_PRE_KERNEL_2[1-9][0-9]_*)))
                0x0000000000012eac                __device_POST_KERNEL_start = .
 *(SORT_BY_NAME(SORT_BY_ALIGNMENT(.z_device_POST_KERNEL[0-9]_*)))
 *(SORT_BY_NAME(SORT_BY_ALIGNMENT(.z_device_POST_KERNEL[1-9][0-9]_*)))
 .z_device_POST_KERNEL40_
                0x0000000000012eac       0x18 zephyr/drivers/gpio/libdrivers__gpio.a(gpio_nrfx.c.obj)
                0x0000000000012eac                __device_dts_ord_10
 .z_device_POST_KERNEL50_
                0x0000000000012ec4       0x18 zephyr/drivers/flash/libdrivers__flash.a(soc_flash_nrf.c.obj)
                0x0000000000012ec4                __device_dts_ord_52
                0x0000000000012edc                __device_APPLICATION_start = .
 *(SORT_BY_NAME(SORT_BY_ALIGNMENT(.z_device_APPLICATION[0-9]_*)))
 *(SORT_BY_NAME(SORT_BY_ALIGNMENT(.z_device_APPLICATION[1-9][0-9]_*)))
                0x0000000000012edc                __device_SMP_start = .
 *(SORT_BY_NAME(SORT_BY_ALIGNMENT(.z_device_SMP[0-9]_*)))
 *(SORT_BY_NAME(SORT_BY_ALIGNMENT(.z_device_SMP[1-9][0-9]_*)))
                0x0000000000012edc                __device_end = .

sw_isr_table    0x0000000000012edc      0x138
                0x0000000000012edc                . = ALIGN (0x0)
 *(SORT_BY_ALIGNMENT(.gnu.linkonce.sw_isr_table*))
 .gnu.linkonce.sw_isr_table
                0x0000000000012edc      0x138 zephyr/arch/common/libisr_tables.a(isr_tables.c.obj)
                0x0000000000012edc                _sw_isr_table

initlevel_error
                0x0000000000012e14        0x0
 *(SORT_BY_NAME(SORT_BY_ALIGNMENT(.z_init_[_A-Z0-9]*)))
                0x0000000000000001                ASSERT ((SIZEOF (initlevel_error) == 0x0), Undefined initialization levels used.)

app_shmem_regions
                0x0000000000013014        0x0
                0x0000000000013014                __app_shmem_regions_start = .
 *(SORT_BY_NAME(SORT_BY_ALIGNMENT(.app_regions.*)))
                0x0000000000013014                __app_shmem_regions_end = .

bt_l2cap_fixed_chan_area
                0x0000000000013014        0x0
                0x0000000000013014                _bt_l2cap_fixed_chan_list_start = .
 *(SORT_BY_NAME(SORT_BY_ALIGNMENT(._bt_l2cap_fixed_chan.static.*)))
                0x0000000000013014                _bt_l2cap_fixed_chan_list_end = .

bt_gatt_service_static_area
                0x0000000000013014        0x0
                0x0000000000013014                _bt_gatt_service_static_list_start = .
 *(SORT_BY_NAME(SORT_BY_ALIGNMENT(._bt_gatt_service_static.static.*)))
                0x0000000000013014                _bt_gatt_service_static_list_end = .

k_p4wq_initparam_area
                0x0000000000013014        0x0
                0x0000000000013014                _k_p4wq_initparam_list_start = .
 *(SORT_BY_NAME(SORT_BY_ALIGNMENT(._k_p4wq_initparam.static.*)))
                0x0000000000013014                _k_p4wq_initparam_list_end = .

log_strings_sections
                0x0000000000013014        0x0
                0x0000000000013014                __log_strings_start = .
 *(SORT_BY_NAME(SORT_BY_ALIGNMENT(.log_strings*)))
                0x0000000000013014                __log_strings_end = .

log_const_sections
                0x0000000000013014       0x50
                0x0000000000013014                __log_const_start = .
 *(SORT_BY_NAME(SORT_BY_ALIGNMENT(.log_const_*)))
 .log_const_clock_control
                0x0000000000013014        0x8 zephyr/libzephyr.a(clock_control_nrf.c.obj)
                0x0000000000013014                log_const_clock_control
 .log_const_fatal_error
                0x000000000001301c        0x8 modules/nrf/lib/fatal_error/lib..__nrf__lib__fatal_error.a(fatal_error.c.obj)
                0x000000000001301c                log_const_fatal_error
 .log_const_flash_nrf
                0x0000000000013024        0x8 zephyr/drivers/flash/libdrivers__flash.a(soc_flash_nrf.c.obj)
                0x0000000000013024                log_const_flash_nrf
 .log_const_fs_nvs
                0x000000000001302c        0x8 zephyr/libzephyr.a(nvs.c.obj)
                0x000000000001302c                log_const_fs_nvs
 .log_const_log
                0x0000000000013034        0x8 zephyr/libzephyr.a(log_core.c.obj)
                0x0000000000013034                log_const_log
 .log_const_mpu
                0x000000000001303c        0x8 zephyr/arch/arch/arm/core/aarch32/mpu/libarch__arm__core__aarch32__mpu.a(arm_core_mpu.c.obj)
                0x000000000001303c                log_const_mpu
 .log_const_os  0x0000000000013044        0x8 zephyr/kernel/libkernel.a(init.c.obj)
                0x0000000000013044                log_const_os
 .log_const_power
                0x000000000001304c        0x8 zephyr/libzephyr.a(power.c.obj)
                0x000000000001304c                log_const_power
 .log_const_soc
                0x0000000000013054        0x8 zephyr/soc/arm/nordic_nrf/nrf52/libsoc__arm__nordic_nrf__nrf52.a(soc.c.obj)
                0x0000000000013054                log_const_soc
 .log_const_uart_nrfx_uarte
                0x000000000001305c        0x8 zephyr/drivers/serial/libdrivers__serial.a(uart_nrfx_uarte.c.obj)
                0x000000000001305c                log_const_uart_nrfx_uarte
                0x0000000000013064                __log_const_end = .

log_backends_sections
                0x0000000000013064       0x20
                0x0000000000013064                __log_backends_start = .
 *(SORT_BY_ALIGNMENT(._log_backend.*))
 ._log_backend.static.log_backend_uart
                0x0000000000013064       0x10 zephyr/libzephyr.a(log_backend_uart.c.obj)
 ._log_backend.static.log_backend_rtt
                0x0000000000013074       0x10 zephyr/libzephyr.a(log_backend_rtt.c.obj)
                0x0000000000013084                __log_backends_end = .

shell_area      0x0000000000013084        0x0
                0x0000000000013084                _shell_list_start = .
 *(SORT_BY_NAME(SORT_BY_ALIGNMENT(._shell.static.*)))
                0x0000000000013084                _shell_list_end = .

shell_root_cmds_sections
                0x0000000000013084        0x0
                0x0000000000013084                __shell_root_cmds_start = .
 *(SORT_BY_NAME(SORT_BY_ALIGNMENT(.shell_root_cmd_*)))
                0x0000000000013084                __shell_root_cmds_end = .

font_entry_sections
                0x0000000000013084        0x0
                0x0000000000013084                __font_entry_start = .
 *(SORT_BY_NAME(SORT_BY_ALIGNMENT(._cfb_font.*)))
                0x0000000000013084                __font_entry_end = .

tracing_backend_area
                0x0000000000013084        0x0
                0x0000000000013084                _tracing_backend_list_start = .
 *(SORT_BY_NAME(SORT_BY_ALIGNMENT(._tracing_backend.static.*)))
                0x0000000000013084                _tracing_backend_list_end = .

zephyr_dbg_info
 *(SORT_BY_ALIGNMENT(.dbg_thread_info))

device_handles  0x0000000000013084       0x2a
                0x0000000000013084                __device_handles_start = .
 *(SORT_BY_NAME(SORT_BY_ALIGNMENT(.__device_handles_pass1*)))
 .__device_handles_pass1
                0x0000000000013084        0xa zephyr/libzephyr.a(clock_control_nrf.c.obj)
                0x0000000000013084                __devicehdl_DT_N_S_soc_S_clock_40000000
 .__device_handles_pass1
                0x000000000001308e        0x6 zephyr/libzephyr.a(sys_clock_init.c.obj)
                0x000000000001308e                __devicehdl_sys_init_sys_clock_driver_init0
 .__device_handles_pass1
                0x0000000000013094        0x8 zephyr/drivers/gpio/libdrivers__gpio.a(gpio_nrfx.c.obj)
                0x0000000000013094                __devicehdl_DT_N_S_soc_S_gpio_50000000
 .__device_handles_pass1
                0x000000000001309c        0x8 zephyr/drivers/flash/libdrivers__flash.a(soc_flash_nrf.c.obj)
                0x000000000001309c                __devicehdl_DT_N_S_soc_S_flash_controller_4001e000
 .__device_handles_pass1
                0x00000000000130a4        0xa zephyr/drivers/serial/libdrivers__serial.a(uart_nrfx_uarte.c.obj)
                0x00000000000130a4                __devicehdl_DT_N_S_soc_S_uart_40002000
                0x00000000000130ae                __device_handles_end = .

rodata          0x00000000000130b0      0xd70
 *(SORT_BY_ALIGNMENT(.rodata))
 *(SORT_BY_ALIGNMENT(.rodata.*))
 .rodata.delay_machine_code.0
                0x00000000000130b0        0x6 zephyr/soc/arm/nordic_nrf/nrf52/libsoc__arm__nordic_nrf__nrf52.a(soc.c.obj)
 *fill*         0x00000000000130b6        0x2 
 .rodata.colors
                0x00000000000130b8       0x14 zephyr/libzephyr.a(log_output.c.obj)
 .rodata.severity
                0x00000000000130cc       0x14 zephyr/libzephyr.a(log_output.c.obj)
 .rodata.log_backend_uart_api
                0x00000000000130e0       0x1c zephyr/libzephyr.a(log_backend_uart.c.obj)
                0x00000000000130e0                log_backend_uart_api
 .rodata.log_output_uart
                0x00000000000130fc       0x10 zephyr/libzephyr.a(log_backend_uart.c.obj)
 .rodata.log_backend_rtt_api
                0x000000000001310c       0x1c zephyr/libzephyr.a(log_backend_rtt.c.obj)
                0x000000000001310c                log_backend_rtt_api
 .rodata.log_output_rtt
                0x0000000000013128       0x10 zephyr/libzephyr.a(log_backend_rtt.c.obj)
 .rodata.clock_control_api
                0x0000000000013138       0x14 zephyr/libzephyr.a(clock_control_nrf.c.obj)
 .rodata.config
                0x000000000001314c       0x18 zephyr/libzephyr.a(clock_control_nrf.c.obj)
 .rodata.transitions.0
                0x0000000000013164        0xc zephyr/libzephyr.a(clock_control_nrf.c.obj)
 .rodata.static_regions
                0x0000000000013170        0xc zephyr/arch/arch/arm/core/aarch32/mpu/libarch__arm__core__aarch32__mpu.a(arm_core_mpu.c.obj)
 .rodata.mpu_config
                0x000000000001317c        0x8 zephyr/soc/arm/common/cortex_m/libsoc__arm__common__cortex_m.a(arm_mpu_regions.c.obj)
                0x000000000001317c                mpu_config
 .rodata.mpu_regions
                0x0000000000013184       0x18 zephyr/soc/arm/common/cortex_m/libsoc__arm__common__cortex_m.a(arm_mpu_regions.c.obj)
 .rodata.gpio_nrfx_drv_api_funcs
                0x000000000001319c       0x24 zephyr/drivers/gpio/libdrivers__gpio.a(gpio_nrfx.c.obj)
 .rodata.gpio_nrfx_p0_cfg
                0x00000000000131c0        0xc zephyr/drivers/gpio/libdrivers__gpio.a(gpio_nrfx.c.obj)
 .rodata.flash_nrf_api
                0x00000000000131cc       0x18 zephyr/drivers/flash/libdrivers__flash.a(soc_flash_nrf.c.obj)
 .rodata.flash_nrf_parameters
                0x00000000000131e4        0x8 zephyr/drivers/flash/libdrivers__flash.a(soc_flash_nrf.c.obj)
 .rodata.uart_nrfx_uarte_driver_api
                0x00000000000131ec       0x14 zephyr/drivers/serial/libdrivers__serial.a(uart_nrfx_uarte.c.obj)
 .rodata.uarte_0z_config
                0x0000000000013200        0x8 zephyr/drivers/serial/libdrivers__serial.a(uart_nrfx_uarte.c.obj)
 .rodata.levels.0
                0x0000000000013208       0x14 zephyr/kernel/libkernel.a(device.c.obj)
 .rodata._k_neg_eagain
                0x000000000001321c        0x4 zephyr/kernel/libkernel.a(errno.c.obj)
                0x000000000001321c                _k_neg_eagain
 .rodata.CSWTCH.224
                0x0000000000013220       0x14 zephyr/kernel/libkernel.a(fatal.c.obj)
 .rodata.main.str1.1
                0x0000000000013234      0x25a app/libapp.a(main.c.obj)
                                        0x25c (size before relaxing)
 .rodata.crc8_ccitt_small_table
                0x000000000001348e       0x10 zephyr/libzephyr.a(crc8_sw.c.obj)
 .rodata.cbvprintf.str1.1
                0x000000000001349e        0x6 zephyr/libzephyr.a(cbprintf_complete.c.obj)
 .rodata.sys_reboot.str1.1
                0x00000000000134a4       0x29 zephyr/libzephyr.a(reboot.c.obj)
 .rodata.enable_logger.str1.1
                0x00000000000134cd        0x8 zephyr/libzephyr.a(log_core.c.obj)
 .rodata.z_log_strdup.str1.1
                0x00000000000134d5       0x1a zephyr/libzephyr.a(log_core.c.obj)
 .rodata.z_impl_log_process.str1.1
                0x00000000000134ef       0x3f zephyr/libzephyr.a(log_core.c.obj)
 .rodata.str1.1
                0x000000000001352e        0x4 zephyr/libzephyr.a(log_core.c.obj)
 .rodata.hexdump_line_print.str1.1
                0x0000000000013532       0x12 zephyr/libzephyr.a(log_output.c.obj)
                                         0x16 (size before relaxing)
 .rodata.prefix_print.str1.1
                0x0000000000013544       0x3c zephyr/libzephyr.a(log_output.c.obj)
 .rodata.log_output_msg_process.str1.1
                0x0000000000013580        0x2 zephyr/libzephyr.a(log_output.c.obj)
 .rodata.log_output_dropped_process.str1.1
                0x0000000000013582        0x2 zephyr/libzephyr.a(log_output.c.obj)
                                          0x3 (size before relaxing)
 .rodata.str1.1
                0x0000000000013582       0x20 zephyr/libzephyr.a(log_output.c.obj)
 .rodata.postfix.0
                0x00000000000135a2       0x1c zephyr/libzephyr.a(log_output.c.obj)
 .rodata.prefix.1
                0x00000000000135be        0xc zephyr/libzephyr.a(log_output.c.obj)
 .rodata.log_backend_uart_init.str1.1
                0x00000000000135ca        0x7 zephyr/libzephyr.a(log_backend_uart.c.obj)
 .rodata.str1.1
                0x00000000000135d1       0x11 zephyr/libzephyr.a(log_backend_uart.c.obj)
 .rodata.str1.1
                0x00000000000135e2       0x10 zephyr/libzephyr.a(log_backend_rtt.c.obj)
 .rodata.nvs_flash_erase_sector.str1.1
                0x00000000000135f2       0x21 zephyr/libzephyr.a(nvs.c.obj)
 .rodata.nvs_recover_last_ate.str1.1
                0x0000000000013613       0x27 zephyr/libzephyr.a(nvs.c.obj)
 .rodata.nvs_add_gc_done_ate.str1.1
                0x000000000001363a       0x1d zephyr/libzephyr.a(nvs.c.obj)
 .rodata.nvs_gc.str1.1
                0x0000000000013657       0x16 zephyr/libzephyr.a(nvs.c.obj)
 .rodata.nvs_clear.str1.1
                0x000000000001366d       0x14 zephyr/libzephyr.a(nvs.c.obj)
 .rodata.nvs_init.str1.1
                0x0000000000013681      0x120 zephyr/libzephyr.a(nvs.c.obj)
 .rodata.str1.1
                0x00000000000137a1        0x7 zephyr/libzephyr.a(nvs.c.obj)
 .rodata.__func__.0
                0x00000000000137a8       0x14 zephyr/libzephyr.a(nvs.c.obj)
 .rodata.__func__.1
                0x00000000000137bc        0x7 zephyr/libzephyr.a(nvs.c.obj)
 .rodata.__func__.2
                0x00000000000137c3       0x15 zephyr/libzephyr.a(nvs.c.obj)
 .rodata.__func__.3
                0x00000000000137d8       0x17 zephyr/libzephyr.a(nvs.c.obj)
 .rodata.str1.1
                0x00000000000137ef        0x6 zephyr/libzephyr.a(power.c.obj)
 .rodata.uart_console_init.str1.1
                0x00000000000137f5        0x7 zephyr/libzephyr.a(uart_console.c.obj)
 .rodata.str1.1
                0x00000000000137f5       0x20 zephyr/libzephyr.a(clock_control_nrf.c.obj)
 .rodata.str1.1
                0x0000000000013815        0xa zephyr/libzephyr.a(sys_clock_init.c.obj)
 .rodata.z_arm_fatal_error.str1.1
                0x000000000001381f       0x9b zephyr/arch/arch/arm/core/aarch32/libarch__arm__core__aarch32.a(fatal.c.obj)
 .rodata.mem_manage_fault.str1.1
                0x00000000000138ba       0xd8 zephyr/arch/arch/arm/core/aarch32/cortex_m/libarch__arm__core__aarch32__cortex_m.a(fault.c.obj)
 .rodata.usage_fault.constprop.0.str1.1
                0x0000000000013992       0xcd zephyr/arch/arch/arm/core/aarch32/cortex_m/libarch__arm__core__aarch32__cortex_m.a(fault.c.obj)
 .rodata.bus_fault.constprop.0.str1.1
                0x0000000000013a5f       0x88 zephyr/arch/arch/arm/core/aarch32/cortex_m/libarch__arm__core__aarch32__cortex_m.a(fault.c.obj)
 .rodata.z_arm_fault.str1.1
                0x0000000000013ae7       0xe7 zephyr/arch/arch/arm/core/aarch32/cortex_m/libarch__arm__core__aarch32__cortex_m.a(fault.c.obj)
 .rodata.str1.1
                0x0000000000013bce        0x4 zephyr/arch/arch/arm/core/aarch32/mpu/libarch__arm__core__aarch32__mpu.a(arm_core_mpu.c.obj)
 .rodata.mpu_configure_regions.str1.1
                0x0000000000013bd2       0x49 zephyr/arch/arch/arm/core/aarch32/mpu/libarch__arm__core__aarch32__mpu.a(arm_mpu.c.obj)
 .rodata.str1.1
                0x0000000000013c1b        0xf zephyr/soc/arm/common/cortex_m/libsoc__arm__common__cortex_m.a(arm_mpu_regions.c.obj)
 .rodata.str1.1
                0x0000000000013c2a        0x4 zephyr/soc/arm/nordic_nrf/nrf52/libsoc__arm__nordic_nrf__nrf52.a(soc.c.obj)
 .rodata.str1.1
                0x0000000000013c2e        0x7 zephyr/drivers/gpio/libdrivers__gpio.a(gpio_nrfx.c.obj)
 .rodata.flash_nrf_read.str1.1
                0x0000000000013c35       0x1d zephyr/drivers/flash/libdrivers__flash.a(soc_flash_nrf.c.obj)
 .rodata.flash_nrf_erase.str1.1
                0x0000000000013c52       0x1f zephyr/drivers/flash/libdrivers__flash.a(soc_flash_nrf.c.obj)
 .rodata.flash_nrf_write.str1.1
                0x0000000000013c71       0x1e zephyr/drivers/flash/libdrivers__flash.a(soc_flash_nrf.c.obj)
 .rodata.str1.1
                0x0000000000013c8f       0x1d zephyr/drivers/flash/libdrivers__flash.a(soc_flash_nrf.c.obj)
 .rodata.uarte_0_init.str1.1
                0x0000000000013cac       0x1f zephyr/drivers/serial/libdrivers__serial.a(uart_nrfx_uarte.c.obj)
 .rodata.str1.1
                0x0000000000013ccb       0x10 zephyr/drivers/serial/libdrivers__serial.a(uart_nrfx_uarte.c.obj)
                                         0x17 (size before relaxing)
 .rodata.k_sys_fatal_error_handler.str1.1
                0x0000000000013cdb       0x11 modules/nrf/lib/fatal_error/lib..__nrf__lib__fatal_error.a(fatal_error.c.obj)
 .rodata.str1.1
                0x0000000000013cec        0xc modules/nrf/lib/fatal_error/lib..__nrf__lib__fatal_error.a(fatal_error.c.obj)
 .rodata.CSWTCH.14
                0x0000000000013cf8        0x5 modules/hal_nordic/nrfx/libmodules__hal_nordic__nrfx.a(system_nrf52.c.obj)
 .rodata.CSWTCH.18
                0x0000000000013cfd        0x5 modules/hal_nordic/nrfx/libmodules__hal_nordic__nrfx.a(system_nrf52.c.obj)
 .rodata.CSWTCH.20
                0x0000000000013d02        0x5 modules/hal_nordic/nrfx/libmodules__hal_nordic__nrfx.a(system_nrf52.c.obj)
 .rodata.CSWTCH.4
                0x0000000000013d07        0x5 modules/hal_nordic/nrfx/libmodules__hal_nordic__nrfx.a(system_nrf52.c.obj)
 .rodata._DoInit.str1.1
                0x0000000000013d0c       0x14 modules/segger/libmodules__segger.a(SEGGER_RTT.c.obj)
 .rodata.z_fatal_error.str1.1
                0x0000000000013d20       0x77 zephyr/kernel/libkernel.a(fatal.c.obj)
 .rodata.str1.1
                0x0000000000013d97       0x4a zephyr/kernel/libkernel.a(fatal.c.obj)
 .rodata.z_cstart.str1.1
                0x0000000000013de1        0x5 zephyr/kernel/libkernel.a(init.c.obj)
 .rodata.str1.1
                0x0000000000013de6        0x3 zephyr/kernel/libkernel.a(init.c.obj)
 .rodata.boot_banner.str1.1
                0x0000000000013de9       0x36 zephyr/kernel/libkernel.a(banner.c.obj)
                                         0x37 (size before relaxing)
 *(SORT_BY_ALIGNMENT(.gnu.linkonce.r.*))
                0x0000000000013e20                . = ALIGN (0x4)
 *fill*         0x0000000000013e1f        0x1 
                0x0000000000013e20                _image_rodata_end = .
                0x0000000000013e20                . = ALIGN (_region_min_align)
                0x0000000000018000                . = ALIGN ((0x1 << LOG2CEIL ((_image_rodata_end - _image_rom_start))))
                0x0000000000018000                _image_rom_end = .

/DISCARD/
 *(SORT_BY_ALIGNMENT(.got.plt))
 *(SORT_BY_ALIGNMENT(.igot.plt))
 *(SORT_BY_ALIGNMENT(.got))
 *(SORT_BY_ALIGNMENT(.igot))
                0x0000000020000000                . = 0x20000000
                0x0000000020000000                . = ALIGN (_region_min_align)
                0x0000000020000000                _image_ram_start = .

.ramfunc        0x0000000020000000        0x0 load address 0x0000000000013e20
                0x0000000020000000                . = ALIGN (_region_min_align)
                0x0000000020000000                . = ALIGN ((0x1 << LOG2CEIL (_ramfunc_ram_size)))
                0x0000000020000000                _ramfunc_ram_start = .
 *(SORT_BY_ALIGNMENT(.ramfunc))
 *(SORT_BY_ALIGNMENT(.ramfunc.*))
                0x0000000020000000                . = ALIGN (_region_min_align)
                0x0000000020000000                . = ALIGN ((0x1 << LOG2CEIL (_ramfunc_ram_size)))
                0x0000000020000000                _ramfunc_ram_end = .
                0x0000000000000000                _ramfunc_ram_size = (_ramfunc_ram_end - _ramfunc_ram_start)
                0x0000000000013e20                _ramfunc_rom_start = LOADADDR (.ramfunc)

datas           0x0000000020000000       0x30 load address 0x0000000000013e20
                0x0000000020000000                __data_ram_start = .
 *(SORT_BY_ALIGNMENT(.data))
 *(SORT_BY_ALIGNMENT(.data.*))
 .data._char_out
                0x0000000020000000        0x4 zephyr/libzephyr.a(printk.c.obj)
                0x0000000020000000                _char_out
 .data.timestamp_func
                0x0000000020000004        0x4 zephyr/libzephyr.a(log_core.c.obj)
 .data.post_ops_done
                0x0000000020000008        0x4 zephyr/libzephyr.a(power.c.obj)
 .data._stdout_hook
                0x000000002000000c        0x4 zephyr/lib/libc/minimal/liblib__libc__minimal.a(stdout_console.c.obj)
 .data.uarte_0_data
                0x0000000020000010       0x14 zephyr/drivers/serial/libdrivers__serial.a(uart_nrfx_uarte.c.obj)
 .data.SystemCoreClock
                0x0000000020000024        0x4 modules/hal_nordic/nrfx/libmodules__hal_nordic__nrfx.a(system_nrf52.c.obj)
                0x0000000020000024                SystemCoreClock
 .data.timeout_list
                0x0000000020000028        0x8 zephyr/kernel/libkernel.a(timeout.c.obj)
 *(SORT_BY_ALIGNMENT(.kernel.*))
                0x0000000000013e20                __data_rom_start = LOADADDR (datas)

initshell       0x0000000020000030        0x0 load address 0x0000000000013e50
                0x0000000020000030                __shell_module_start = .
 *(SORT_BY_ALIGNMENT(.shell_module_*))
                0x0000000020000030                __shell_module_end = .
                0x0000000020000030                __shell_cmd_start = .
 *(SORT_BY_ALIGNMENT(.shell_cmd_*))
                0x0000000020000030                __shell_cmd_end = .

log_dynamic_sections
                0x0000000020000030        0x0 load address 0x0000000000013e50
                0x0000000020000030                __log_dynamic_start = .
 *(SORT_BY_NAME(SORT_BY_ALIGNMENT(.log_dynamic_*)))
                0x0000000020000030                __log_dynamic_end = .

_static_thread_data_area
                0x0000000020000030        0x0 load address 0x0000000000013e50
                0x0000000020000030                __static_thread_data_list_start = .
 *(SORT_BY_NAME(SORT_BY_ALIGNMENT(.__static_thread_data.static.*)))
                0x0000000020000030                __static_thread_data_list_end = .

k_timer_area    0x0000000020000030        0x0 load address 0x0000000000013e50
                0x0000000020000030                _k_timer_list_start = .
 *(SORT_BY_NAME(SORT_BY_ALIGNMENT(._k_timer.static.*)))
                0x0000000020000030                _k_timer_list_end = .

k_mem_slab_area
                0x0000000020000030        0x0 load address 0x0000000000013e50
                0x0000000020000030                _k_mem_slab_list_start = .
 *(SORT_BY_NAME(SORT_BY_ALIGNMENT(._k_mem_slab.static.*)))
                0x0000000020000030                _k_mem_slab_list_end = .

k_mem_pool_area
                0x0000000020000030        0x0 load address 0x0000000000013e50
                0x0000000020000030                _k_mem_pool_list_start = .
 *(SORT_BY_NAME(SORT_BY_ALIGNMENT(._k_mem_pool.static.*)))
                0x0000000020000030                _k_mem_pool_list_end = .

k_heap_area     0x0000000020000030        0x0 load address 0x0000000000013e50
                0x0000000020000030                _k_heap_list_start = .
 *(SORT_BY_NAME(SORT_BY_ALIGNMENT(._k_heap.static.*)))
                0x0000000020000030                _k_heap_list_end = .

k_mutex_area    0x0000000020000030       0x14 load address 0x0000000000013e50
                0x0000000020000030                _k_mutex_list_start = .
 *(SORT_BY_NAME(SORT_BY_ALIGNMENT(._k_mutex.static.*)))
 ._k_mutex.static.rtt_term_mutex
                0x0000000020000030       0x14 modules/segger/libmodules__segger.a(SEGGER_RTT_zephyr.c.obj)
                0x0000000020000030                rtt_term_mutex
                0x0000000020000044                _k_mutex_list_end = .

k_stack_area    0x0000000020000044        0x0 load address 0x0000000000013e64
                0x0000000020000044                _k_stack_list_start = .
 *(SORT_BY_NAME(SORT_BY_ALIGNMENT(._k_stack.static.*)))
                0x0000000020000044                _k_stack_list_end = .

k_msgq_area     0x0000000020000044        0x0 load address 0x0000000000013e64
                0x0000000020000044                _k_msgq_list_start = .
 *(SORT_BY_NAME(SORT_BY_ALIGNMENT(._k_msgq.static.*)))
                0x0000000020000044                _k_msgq_list_end = .

k_mbox_area     0x0000000020000044        0x0 load address 0x0000000000013e64
                0x0000000020000044                _k_mbox_list_start = .
 *(SORT_BY_NAME(SORT_BY_ALIGNMENT(._k_mbox.static.*)))
                0x0000000020000044                _k_mbox_list_end = .

k_pipe_area     0x0000000020000044        0x0 load address 0x0000000000013e64
                0x0000000020000044                _k_pipe_list_start = .
 *(SORT_BY_NAME(SORT_BY_ALIGNMENT(._k_pipe.static.*)))
                0x0000000020000044                _k_pipe_list_end = .

k_sem_area      0x0000000020000044       0x10 load address 0x0000000000013e64
                0x0000000020000044                _k_sem_list_start = .
 *(SORT_BY_NAME(SORT_BY_ALIGNMENT(._k_sem.static.*)))
 ._k_sem.static.log_process_thread_sem
                0x0000000020000044       0x10 zephyr/libzephyr.a(log_core.c.obj)
                0x0000000020000044                log_process_thread_sem
                0x0000000020000054                _k_sem_list_end = .

k_queue_area    0x0000000020000054        0x0 load address 0x0000000000013e74
                0x0000000020000054                _k_queue_list_start = .
 *(SORT_BY_NAME(SORT_BY_ALIGNMENT(._k_queue.static.*)))
                0x0000000020000054                _k_queue_list_end = .

k_condvar_area  0x0000000020000054        0x0 load address 0x0000000000013e74
                0x0000000020000054                _k_condvar_list_start = .
 *(SORT_BY_NAME(SORT_BY_ALIGNMENT(._k_condvar.static.*)))
                0x0000000020000054                _k_condvar_list_end = .

_net_buf_pool_area
                0x0000000020000054        0x0 load address 0x0000000000013e74
                0x0000000020000054                _net_buf_pool_list = .
 *(SORT_BY_NAME(SORT_BY_ALIGNMENT(._net_buf_pool.static.*)))
                0x0000000020000054                __data_ram_end = .

bss             0x0000000020000058      0x8c5
                0x0000000020000058                . = ALIGN (0x4)
                0x0000000020000058                __bss_start = .
                0x0000000020000058                __kernel_ram_start = .
 *(SORT_BY_ALIGNMENT(.bss))
 *(SORT_BY_ALIGNMENT(.bss.*))
 .bss.log_process_thread_timer
                0x0000000020000058       0x38 zephyr/libzephyr.a(log_core.c.obj)
 .bss.logging_thread
                0x0000000020000090       0x80 zephyr/libzephyr.a(log_core.c.obj)
                0x0000000020000090                logging_thread
 .bss.z_idle_threads
                0x0000000020000110       0x80 zephyr/kernel/libkernel.a(init.c.obj)
                0x0000000020000110                z_idle_threads
 .bss.z_main_thread
                0x0000000020000190       0x80 zephyr/kernel/libkernel.a(init.c.obj)
                0x0000000020000190                z_main_thread
 .bss.curr_tick
                0x0000000020000210        0x8 zephyr/kernel/libkernel.a(timeout.c.obj)
 .bss.fs        0x0000000020000218       0x30 app/libapp.a(main.c.obj)
 .bss.buffered_cnt
                0x0000000020000248        0x4 zephyr/libzephyr.a(log_core.c.obj)
 .bss.dropped_cnt
                0x000000002000024c        0x4 zephyr/libzephyr.a(log_core.c.obj)
 .bss.initialized
                0x0000000020000250        0x4 zephyr/libzephyr.a(log_core.c.obj)
 .bss.list      0x0000000020000254        0x8 zephyr/libzephyr.a(log_core.c.obj)
 .bss.log_strdup_pool
                0x000000002000025c       0x1c zephyr/libzephyr.a(log_core.c.obj)
                0x000000002000025c                log_strdup_pool
 .bss.proc_tid  0x0000000020000278        0x4 zephyr/libzephyr.a(log_core.c.obj)
 .bss.log_msg_pool
                0x000000002000027c       0x1c zephyr/libzephyr.a(log_msg.c.obj)
                0x000000002000027c                log_msg_pool
 .bss.freq      0x0000000020000298        0x4 zephyr/libzephyr.a(log_output.c.obj)
 .bss.timestamp_div
                0x000000002000029c        0x4 zephyr/libzephyr.a(log_output.c.obj)
 .bss.backend_cb_log_backend_uart
                0x00000000200002a0        0x8 zephyr/libzephyr.a(log_backend_uart.c.obj)
 .bss.log_output_uart_control_block
                0x00000000200002a8        0xc zephyr/libzephyr.a(log_backend_uart.c.obj)
 .bss.uart_dev  0x00000000200002b4        0x4 zephyr/libzephyr.a(log_backend_uart.c.obj)
 .bss.backend_cb_log_backend_rtt
                0x00000000200002b8        0x8 zephyr/libzephyr.a(log_backend_rtt.c.obj)
 .bss.log_output_rtt_control_block
                0x00000000200002c0        0xc zephyr/libzephyr.a(log_backend_rtt.c.obj)
 .bss.pm_notifiers
                0x00000000200002cc        0x8 zephyr/libzephyr.a(power.c.obj)
 .bss.z_power_state
                0x00000000200002d4        0xc zephyr/libzephyr.a(power.c.obj)
 .bss.uart_console_dev
                0x00000000200002e0        0x4 zephyr/libzephyr.a(uart_console.c.obj)
 .bss.__devstate_dts_ord_26
                0x00000000200002e4        0x4 zephyr/libzephyr.a(clock_control_nrf.c.obj)
 .bss.cli.2     0x00000000200002e8       0x10 zephyr/libzephyr.a(clock_control_nrf.c.obj)
 .bss.data      0x00000000200002f8       0x50 zephyr/libzephyr.a(clock_control_nrf.c.obj)
 .bss.hfclk_users
                0x0000000020000348        0x4 zephyr/libzephyr.a(clock_control_nrf.c.obj)
 .bss.on.3      0x000000002000034c        0x4 zephyr/libzephyr.a(clock_control_nrf.c.obj)
 .bss.__devstate_sys_init_sys_clock_driver_init0
                0x0000000020000350        0x4 zephyr/libzephyr.a(sys_clock_init.c.obj)
 .bss.cc_data   0x0000000020000354        0x8 zephyr/libzephyr.a(nrf_rtc_timer.c.obj)
 .bss.int_mask  0x000000002000035c        0x4 zephyr/libzephyr.a(nrf_rtc_timer.c.obj)
 .bss.last_count
                0x0000000020000360        0x4 zephyr/libzephyr.a(nrf_rtc_timer.c.obj)
 .bss.dynamic_regions.0
                0x0000000020000364        0xc zephyr/arch/arch/arm/core/aarch32/mpu/libarch__arm__core__aarch32__mpu.a(arm_core_mpu.c.obj)
 .bss.__devstate_dts_ord_10
                0x0000000020000370        0x4 zephyr/drivers/gpio/libdrivers__gpio.a(gpio_nrfx.c.obj)
 .bss.gpio_nrfx_p0_data
                0x0000000020000374       0x1c zephyr/drivers/gpio/libdrivers__gpio.a(gpio_nrfx.c.obj)
 .bss.__devstate_dts_ord_52
                0x0000000020000390        0x4 zephyr/drivers/flash/libdrivers__flash.a(soc_flash_nrf.c.obj)
 .bss.dev_layout
                0x0000000020000394        0x8 zephyr/drivers/flash/libdrivers__flash.a(soc_flash_nrf.c.obj)
 .bss.sem_lock  0x000000002000039c       0x10 zephyr/drivers/flash/libdrivers__flash.a(soc_flash_nrf.c.obj)
 .bss.__devstate_dts_ord_49
                0x00000000200003ac        0x4 zephyr/drivers/serial/libdrivers__serial.a(uart_nrfx_uarte.c.obj)
 .bss.m_clock_cb
                0x00000000200003b0        0x8 modules/hal_nordic/nrfx/libmodules__hal_nordic__nrfx.a(nrfx_clock.c.obj)
 .bss.m_cb      0x00000000200003b8       0x50 modules/hal_nordic/nrfx/libmodules__hal_nordic__nrfx.a(nrfx_gpiote.c.obj)
 .bss.m_channels_allocated
                0x0000000020000408        0x4 modules/hal_nordic/nrfx/libmodules__hal_nordic__nrfx.a(nrfx_ppi.c.obj)
 .bss._SEGGER_RTT
                0x000000002000040c       0xa8 modules/segger/libmodules__segger.a(SEGGER_RTT.c.obj)
                0x000000002000040c                _SEGGER_RTT
 .bss._kernel   0x00000000200004b4       0x30 zephyr/kernel/libkernel.a(init.c.obj)
                0x00000000200004b4                _kernel
 .bss.pending_current
                0x00000000200004e4        0x4 zephyr/kernel/libkernel.a(sched.c.obj)
 .bss.slice_max_prio
                0x00000000200004e8        0x4 zephyr/kernel/libkernel.a(sched.c.obj)
 .bss.slice_time
                0x00000000200004ec        0x4 zephyr/kernel/libkernel.a(sched.c.obj)
 .bss.announce_remaining
                0x00000000200004f0        0x4 zephyr/kernel/libkernel.a(timeout.c.obj)
 .bss.backend_attached
                0x00000000200004f4        0x1 zephyr/libzephyr.a(log_core.c.obj)
 .bss.panic_mode
                0x00000000200004f5        0x1 zephyr/libzephyr.a(log_core.c.obj)
 .bss.uart_output_buf
                0x00000000200004f6        0x1 zephyr/libzephyr.a(log_backend_uart.c.obj)
 .bss.char_buf  0x00000000200004f7       0x10 zephyr/libzephyr.a(log_backend_rtt.c.obj)
 .bss.host_present
                0x0000000020000507        0x1 zephyr/libzephyr.a(log_backend_rtt.c.obj)
 .bss.panic_mode
                0x0000000020000508        0x1 zephyr/libzephyr.a(log_backend_rtt.c.obj)
 .bss.once.1    0x0000000020000509        0x1 zephyr/libzephyr.a(clock_control_nrf.c.obj)
 .bss.static_regions_num